Archive member included to satisfy reference by file (symbol)

libopencm3/lib\libopencm3_stm32f1.a(adc.o)
                              obj/anain.o (adc_power_on)
libopencm3/lib\libopencm3_stm32f1.a(adc_common_v1.o)
                              obj/anain.o (adc_power_off)
libopencm3/lib\libopencm3_stm32f1.a(can.o)
                              obj/stm32_can.o (can_reset)
libopencm3/lib\libopencm3_stm32f1.a(crc_common_all.o)
                              obj/hwinit.o (crc_reset)
libopencm3/lib\libopencm3_stm32f1.a(dma_common_l1f013.o)
                              obj/terminal.o (dma_channel_reset)
libopencm3/lib\libopencm3_stm32f1.a(flash.o)
                              obj/hwinit.o (flash_erase_page)
libopencm3/lib\libopencm3_stm32f1.a(flash_common_all.o)
                              obj/stm32_can.o (flash_set_ws)
libopencm3/lib\libopencm3_stm32f1.a(flash_common_f.o)
                              obj/hwinit.o (flash_unlock)
libopencm3/lib\libopencm3_stm32f1.a(flash_common_f01.o)
                              libopencm3/lib\libopencm3_stm32f1.a(flash.o) (flash_clear_pgerr_flag)
libopencm3/lib\libopencm3_stm32f1.a(gpio.o)
                              obj/main.o (gpio_set_mode)
libopencm3/lib\libopencm3_stm32f1.a(gpio_common_all.o)
                              obj/main.o (gpio_set)
libopencm3/lib\libopencm3_stm32f1.a(iwdg_common_all.o)
                              obj/main.o (iwdg_reset)
libopencm3/lib\libopencm3_stm32f1.a(rcc.o)
                              obj/hwinit.o (rcc_clock_setup_in_hse_8mhz_out_72mhz)
libopencm3/lib\libopencm3_stm32f1.a(rcc_common_all.o)
                              obj/hwinit.o (rcc_periph_clock_enable)
libopencm3/lib\libopencm3_stm32f1.a(rtc.o)
                              obj/main.o (rtc_get_counter_val)
libopencm3/lib\libopencm3_stm32f1.a(timer_common_all.o)
                              obj/stm32scheduler.o (timer_enable_irq)
libopencm3/lib\libopencm3_stm32f1.a(usart_common_all.o)
                              obj/terminal.o (usart_set_baudrate)
libopencm3/lib\libopencm3_stm32f1.a(usart_common_f124.o)
                              libopencm3/lib\libopencm3_stm32f1.a(usart_common_all.o) (usart_send)
libopencm3/lib\libopencm3_stm32f1.a(vector.o)
                              (reset_handler)
libopencm3/lib\libopencm3_stm32f1.a(scb.o)
                              obj/terminalcommands.o (scb_reset_system)
libopencm3/lib\libopencm3_stm32f1.a(nvic.o)
                              obj/hwinit.o (nvic_enable_irq)
libopencm3/lib\libopencm3_stm32f1.a(assert.o)
                              libopencm3/lib\libopencm3_stm32f1.a(rcc.o) (cm3_assert_failed)
libopencm3/lib\libopencm3_stm32f1.a(desig_common_v1.o)
                              libopencm3/lib\libopencm3_stm32f1.a(flash.o) (desig_get_flash_size)
libopencm3/lib\libopencm3_stm32f1.a(pwr_common_v1.o)
                              libopencm3/lib\libopencm3_stm32f1.a(rtc.o) (pwr_disable_backup_domain_write_protect)

Discarded input sections

 .text          0x0000000000000000        0x0 obj/main.o
 .data          0x0000000000000000        0x0 obj/main.o
 .bss           0x0000000000000000        0x0 obj/main.o
 .text          0x0000000000000000        0x0 obj/hwinit.o
 .data          0x0000000000000000        0x0 obj/hwinit.o
 .bss           0x0000000000000000        0x0 obj/hwinit.o
 .text          0x0000000000000000        0x0 obj/stm32scheduler.o
 .data          0x0000000000000000        0x0 obj/stm32scheduler.o
 .bss           0x0000000000000000        0x0 obj/stm32scheduler.o
 .text          0x0000000000000000        0x0 obj/params.o
 .data          0x0000000000000000        0x0 obj/params.o
 .bss           0x0000000000000000        0x0 obj/params.o
 .text._ZN5Param7GetBoolENS_9PARAM_NUME
                0x0000000000000000       0x14 obj/params.o
 .text          0x0000000000000000        0x0 obj/terminal.o
 .data          0x0000000000000000        0x0 obj/terminal.o
 .bss           0x0000000000000000        0x0 obj/terminal.o
 .text._ZN8Terminal12DisableTxDMAEv
                0x0000000000000000       0x20 obj/terminal.o
 .text          0x0000000000000000        0x0 obj/terminal_prj.o
 .data          0x0000000000000000        0x0 obj/terminal_prj.o
 .bss           0x0000000000000000        0x0 obj/terminal_prj.o
 .text          0x0000000000000000        0x0 obj/my_string.o
 .data          0x0000000000000000        0x0 obj/my_string.o
 .bss           0x0000000000000000        0x0 obj/my_string.o
 .text.my_strcat
                0x0000000000000000       0x10 obj/my_string.o
 .text          0x0000000000000000        0x0 obj/digio.o
 .data          0x0000000000000000        0x0 obj/digio.o
 .bss           0x0000000000000000        0x0 obj/digio.o
 .text          0x0000000000000000        0x0 obj/my_fp.o
 .data          0x0000000000000000        0x0 obj/my_fp.o
 .bss           0x0000000000000000        0x0 obj/my_fp.o
 .text.log2_approx
                0x0000000000000000       0x32 obj/my_fp.o
[...]
Memory Configuration

Name             Origin             Length             Attributes
rom              0x0000000008001000 0x000000000001e000 xr
ram              0x0000000020000000 0x0000000000005000 xrw
*default*        0x0000000000000000 0xffffffffffffffff

Linker script and memory map

LOAD obj/main.o
LOAD obj/hwinit.o
LOAD obj/stm32scheduler.o
LOAD obj/params.o
LOAD obj/terminal.o
LOAD obj/terminal_prj.o
LOAD obj/my_string.o
LOAD obj/digio.o
LOAD obj/my_fp.o
LOAD obj/printf.o
LOAD obj/anain.o
LOAD obj/param_save.o
LOAD obj/errormessage.o
LOAD obj/stm32_can.o
LOAD obj/terminalcommands.o
LOAD obj/chademo.o
LOAD obj/isa_shunt.o
LOAD libopencm3/lib\libopencm3_stm32f1.a
START GROUP
LOAD c:/msys64_2/mingw64/bin/../lib/gcc/arm-none-eabi/12.2.0\libgcc.a
LOAD c:/msys64_2/mingw64/bin/../lib/gcc/arm-none-eabi/12.2.0/../../../../arm-none-eabi/lib\libc.a
END GROUP

.text           0x0000000008001000     0x422c
 *(.vectors)
 .vectors       0x0000000008001000      0x150 libopencm3/lib\libopencm3_stm32f1.a(vector.o)
                0x0000000008001000                vector_table
 *(.text*)
 .text._ZL8Ms10Taskv
                0x0000000008001150       0x7c obj/main.o
 .text._ZL11CanCallbackmPm
                0x00000000080011cc       0x5e obj/main.o
 *fill*         0x000000000800122a        0x2 
 .text._ZL9Ms100Taskv
                0x000000000800122c      0x21c obj/main.o
 .text._Z11parm_ChangeN5Param9PARAM_NUME
                0x0000000008001448        0x2 obj/main.o
                0x0000000008001448                parm_Change(Param::PARAM_NUM)
 *fill*         0x000000000800144a        0x2 
 .text.tim2_isr
                0x000000000800144c        0xc obj/main.o
                0x000000000800144c                tim2_isr
 .text.startup.main
                0x0000000008001458      0x1dc obj/main.o
                0x0000000008001458                main
 .text.clock_setup
                0x0000000008001634       0x78 obj/hwinit.o
                0x0000000008001634                clock_setup
 .text.write_bootloader_pininit
                0x00000000080016ac       0x70 obj/hwinit.o
                0x00000000080016ac                write_bootloader_pininit
 .text.nvic_setup
                0x000000000800171c       0x14 obj/hwinit.o
                0x000000000800171c                nvic_setup
 .text.rtc_setup
                0x0000000008001730       0x16 obj/hwinit.o
                0x0000000008001730                rtc_setup
 *fill*         0x0000000008001746        0x2 
 .text.tim_setup
                0x0000000008001748       0xc8 obj/hwinit.o
                0x0000000008001748                tim_setup
 .text._ZN14Stm32Scheduler6nofuncEv
                0x0000000008001810        0x2 obj/stm32scheduler.o
                0x0000000008001810                Stm32Scheduler::nofunc()
 *fill*         0x0000000008001812        0x2 
 .text._ZN14Stm32SchedulerC2Em
                0x0000000008001814       0x48 obj/stm32scheduler.o
                0x0000000008001814                Stm32Scheduler::Stm32Scheduler(unsigned long)
                0x0000000008001814                Stm32Scheduler::Stm32Scheduler(unsigned long)
 .text._ZN14Stm32Scheduler7AddTaskEPFvvEt
                0x000000000800185c       0x6c obj/stm32scheduler.o
                0x000000000800185c                Stm32Scheduler::AddTask(void (*)(), unsigned short)
 .text._ZN14Stm32Scheduler3RunEv
                0x00000000080018c8       0x5c obj/stm32scheduler.o
                0x00000000080018c8                Stm32Scheduler::Run()
 .text._ZN14Stm32Scheduler10GetCpuLoadEv
                0x0000000008001924       0x22 obj/stm32scheduler.o
                0x0000000008001924                Stm32Scheduler::GetCpuLoad()
 *fill*         0x0000000008001946        0x2 
 .text._ZN5Param3SetENS_9PARAM_NUMEl
                0x0000000008001948       0x30 obj/params.o
                0x0000000008001948                Param::Set(Param::PARAM_NUM, long)
 .text._ZN5Param3GetENS_9PARAM_NUME
                0x0000000008001978        0xc obj/params.o
                0x0000000008001978                Param::Get(Param::PARAM_NUM)
 .text._ZN5Param6GetIntENS_9PARAM_NUME
                0x0000000008001984       0x10 obj/params.o
                0x0000000008001984                Param::GetInt(Param::PARAM_NUM)
 .text._ZN5Param6SetIntENS_9PARAM_NUMEi
                0x0000000008001994       0x10 obj/params.o
                0x0000000008001994                Param::SetInt(Param::PARAM_NUM, int)
 .text._ZN5Param6SetFltENS_9PARAM_NUMEl
                0x00000000080019a4        0xc obj/params.o
                0x00000000080019a4                Param::SetFlt(Param::PARAM_NUM, long)
 .text._ZN5Param13NumFromStringEPKc
                0x00000000080019b0       0x28 obj/params.o
                0x00000000080019b0                Param::NumFromString(char const*)
 .text._ZN5Param9NumFromIdEm
                0x00000000080019d8       0x20 obj/params.o
                0x00000000080019d8                Param::NumFromId(unsigned long)
 .text._ZN5Param9GetAttribENS_9PARAM_NUME
                0x00000000080019f8       0x10 obj/params.o
                0x00000000080019f8                Param::GetAttrib(Param::PARAM_NUM)
 .text._ZN5Param7IsParamENS_9PARAM_NUME
                0x0000000008001a08       0x18 obj/params.o
                0x0000000008001a08                Param::IsParam(Param::PARAM_NUM)
 .text._ZN5Param12LoadDefaultsEv
                0x0000000008001a20       0x24 obj/params.o
                0x0000000008001a20                Param::LoadDefaults()
 .text._ZN5Param11SetFlagsRawENS_9PARAM_NUMEh
                0x0000000008001a44        0xc obj/params.o
                0x0000000008001a44                Param::SetFlagsRaw(Param::PARAM_NUM, unsigned char)
 .text._ZN5Param7SetFlagENS_9PARAM_NUMENS_10PARAM_FLAGE
                0x0000000008001a50       0x10 obj/params.o
                0x0000000008001a50                Param::SetFlag(Param::PARAM_NUM, Param::PARAM_FLAG)
 .text._ZN5Param9ClearFlagENS_9PARAM_NUMENS_10PARAM_FLAGE
                0x0000000008001a60       0x10 obj/params.o
                0x0000000008001a60                Param::ClearFlag(Param::PARAM_NUM, Param::PARAM_FLAG)
 .text._ZN5Param7GetFlagENS_9PARAM_NUME
                0x0000000008001a70        0xc obj/params.o
                0x0000000008001a70                Param::GetFlag(Param::PARAM_NUM)
 .text.startup._GLOBAL__sub_I__ZN5Param3SetENS_9PARAM_NUMEl
                0x0000000008001a7c       0x14 obj/params.o
 .text._ZN8Terminal7PutCharEc
                0x0000000008001a90       0xa8 obj/terminal.o
                0x0000000008001a90                Terminal::PutChar(char)
 .text._ZN8Terminal10KeyPressedEv
                0x0000000008001b38        0x8 obj/terminal.o
                0x0000000008001b38                Terminal::KeyPressed()
 .text._ZN8Terminal10FlushInputEv
                0x0000000008001b40        0x6 obj/terminal.o
                0x0000000008001b40                Terminal::FlushInput()
 *fill*         0x0000000008001b46        0x2 
 .text._ZN8Terminal8ResetDMAEv
                0x0000000008001b48       0x3c obj/terminal.o
                0x0000000008001b48                Terminal::ResetDMA()
 .text._ZN8TerminalC2EmPK8TERM_CMDb
                0x0000000008001b84      0x144 obj/terminal.o
                0x0000000008001b84                Terminal::Terminal(unsigned long, TERM_CMD const*, bool)
                0x0000000008001b84                Terminal::Terminal(unsigned long, TERM_CMD const*, bool)
 .text._ZN8Terminal9CmdLookupEPc
                0x0000000008001cc8       0x28 obj/terminal.o
                0x0000000008001cc8                Terminal::CmdLookup(char*)
 .text._ZN8Terminal4SendEPKc
                0x0000000008001cf0       0x16 obj/terminal.o
                0x0000000008001cf0                Terminal::Send(char const*)
 *fill*         0x0000000008001d06        0x2 
 .text._ZN8Terminal10EnableUartEPc
                0x0000000008001d08       0x5c obj/terminal.o
                0x0000000008001d08                Terminal::EnableUart(char*)
 .text._ZN8Terminal8FastUartEPc
                0x0000000008001d64       0x48 obj/terminal.o
                0x0000000008001d64                Terminal::FastUart(char*)
 .text._ZN8Terminal3RunEv
                0x0000000008001dac      0x13c obj/terminal.o
                0x0000000008001dac                Terminal::Run()
 .text.putchar  0x0000000008001ee8       0x14 obj/terminal.o
                0x0000000008001ee8                putchar
 .text._ZL4HelpP8TerminalPc
                0x0000000008001efc        0x2 obj/terminal_prj.o
 .text._ZL11PrintErrorsP8TerminalPc
                0x0000000008001efe        0x4 obj/terminal_prj.o
 *fill*         0x0000000008001f02        0x2 
 .text._ZL11PrintSerialP8TerminalPc
                0x0000000008001f04       0x28 obj/terminal_prj.o
 .text._ZL12LoadDefaultsP8TerminalPc
                0x0000000008001f2c       0x18 obj/terminal_prj.o
 .text.my_strcmp
                0x0000000008001f44       0x1c obj/my_string.o
                0x0000000008001f44                my_strcmp
 .text.my_strcpy
                0x0000000008001f60       0x12 obj/my_string.o
                0x0000000008001f60                my_strcpy
 .text.my_strlen
                0x0000000008001f72        0xe obj/my_string.o
                0x0000000008001f72                my_strlen
 .text.my_strchr
                0x0000000008001f80       0x10 obj/my_string.o
                0x0000000008001f80                my_strchr
 .text.my_ltoa  0x0000000008001f90       0x56 obj/my_string.o
                0x0000000008001f90                my_ltoa
 .text.my_atoi  0x0000000008001fe6       0x30 obj/my_string.o
                0x0000000008001fe6                my_atoi
 *fill*         0x0000000008002016        0x2 
 .text.my_trim  0x0000000008002018       0x54 obj/my_string.o
                0x0000000008002018                my_trim
 .text.memcpy32
                0x000000000800206c       0x16 obj/my_string.o
                0x000000000800206c                memcpy32
 .text.memset32
                0x0000000008002082        0xc obj/my_string.o
                0x0000000008002082                memset32
 *fill*         0x000000000800208e        0x2 
 .text._ZN5DigIo9ConfigureEmtN7PinMode7PinModeE
                0x0000000008002090       0x58 obj/digio.o
                0x0000000008002090                DigIo::Configure(unsigned long, unsigned short, PinMode::PinMode)
 .text.fp_itoa  0x00000000080020e8       0x5c obj/my_fp.o
                0x00000000080020e8                fp_itoa
 .text.fp_atoi  0x0000000008002144       0x62 obj/my_fp.o
                0x0000000008002144                fp_atoi
 .text._ZL6printsP8IPutCharPKcii
                0x00000000080021a6       0x9c obj/printf.o
 .text._ZL6printiP8IPutChariiiiii
                0x0000000008002242       0xa0 obj/printf.o
 .text._ZN13ExternPutChar7PutCharEc
                0x00000000080022e2        0x6 obj/printf.o
                0x00000000080022e2                ExternPutChar::PutChar(char)
 .text._ZL5printP8IPutCharPKcSt9__va_list
                0x00000000080022e8      0x11c obj/printf.o
 .text._Z6printfPKcz
                0x0000000008002404       0x24 obj/printf.o
                0x0000000008002404                printf(char const*, ...)
 .text._Z7fprintfP8IPutCharPKcz
                0x0000000008002428       0x1a obj/printf.o
                0x0000000008002428                fprintf(IPutChar*, char const*, ...)
 *fill*         0x0000000008002442        0x2 
 .text._ZN5AnaIn5StartEv
                0x0000000008002444       0xd0 obj/anain.o
                0x0000000008002444                AnaIn::Start()
 .text._ZN5AnaIn13AdcChFromPortEmi
                0x0000000008002514       0x3c obj/anain.o
                0x0000000008002514                AnaIn::AdcChFromPort(unsigned long, int)
 .text._ZN5AnaIn9ConfigureEmh
                0x0000000008002550       0x38 obj/anain.o
                0x0000000008002550                AnaIn::Configure(unsigned long, unsigned char)
 .text.startup._GLOBAL__sub_I__ZN5AnaIn13channel_arrayE
                0x0000000008002588       0x10 obj/anain.o
 .text.parm_save
                0x0000000008002598       0x98 obj/param_save.o
                0x0000000008002598                parm_save
 .text.parm_load
                0x0000000008002630       0x58 obj/param_save.o
                0x0000000008002630                parm_load
 .text._ZN12ErrorMessage7SetTimeEm
                0x0000000008002688        0xc obj/errormessage.o
                0x0000000008002688                ErrorMessage::SetTime(unsigned long)
 .text._ZN12ErrorMessage10PrintErrorEm17ERROR_MESSAGE_NUM
                0x0000000008002694       0x2c obj/errormessage.o
                0x0000000008002694                ErrorMessage::PrintError(unsigned long, ERROR_MESSAGE_NUM)
 .text._ZN12ErrorMessage14PrintAllErrorsEv
                0x00000000080026c0       0x30 obj/errormessage.o
                0x00000000080026c0                ErrorMessage::PrintAllErrors()
 .text._ZL13DummyCallbackmPm
                0x00000000080026f0        0x2 obj/stm32_can.o
 .text._ZN3Can18SetReceiveCallbackEPFvmPmE
                0x00000000080026f2        0x6 obj/stm32_can.o
                0x00000000080026f2                Can::SetReceiveCallback(void (*)(unsigned long, unsigned long*))
 .text._ZN3Can7FindMapEN5Param9PARAM_NUMERiS2_S2_RlRb
                0x00000000080026f8       0x80 obj/stm32_can.o
                0x00000000080026f8                Can::FindMap(Param::PARAM_NUM, int&, int&, int&, long&, bool&)
 .text._ZN3Can11SetBaudrateENS_9baudratesE
                0x0000000008002778       0x3c obj/stm32_can.o
                0x0000000008002778                Can::SetBaudrate(Can::baudrates)
 .text._ZN3Can4SendEmPmh
                0x00000000080027b4       0x6c obj/stm32_can.o
                0x00000000080027b4                Can::Send(unsigned long, unsigned long*, unsigned char)
 .text._ZN3Can13IterateCanMapEPFvN5Param9PARAM_NUMEiiilbE
                0x0000000008002820       0x84 obj/stm32_can.o
                0x0000000008002820                Can::IterateCanMap(void (*)(Param::PARAM_NUM, int, int, int, long, bool))
 .text._ZN3Can12GetInterfaceEi
                0x00000000080028a4       0x14 obj/stm32_can.o
                0x00000000080028a4                Can::GetInterface(int)
 .text._ZN3Can8HandleTxEv
                0x00000000080028b8       0x5c obj/stm32_can.o
                0x00000000080028b8                Can::HandleTx()
 .text._ZN3Can13SetFilterBankERiS0_Pt
                0x0000000008002914       0x48 obj/stm32_can.o
                0x0000000008002914                Can::SetFilterBank(int&, int&, unsigned short*)
 .text._ZN3Can16ConfigureFiltersEv
                0x000000000800295c       0xdc obj/stm32_can.o
                0x000000000800295c                Can::ConfigureFilters()
 .text._ZN3Can19RegisterUserMessageEi
                0x0000000008002a38       0x24 obj/stm32_can.o
                0x0000000008002a38                Can::RegisterUserMessage(int)
 .text._ZN3Can8ClearMapEPNS_8CANIDMAPE
                0x0000000008002a5c       0x2a obj/stm32_can.o
                0x0000000008002a5c                Can::ClearMap(Can::CANIDMAP*)
 .text._ZN3Can5ClearEv
                0x0000000008002a86       0x1e obj/stm32_can.o
                0x0000000008002a86                Can::Clear()
 .text._ZN3Can8FindByIdEPNS_8CANIDMAPEi
                0x0000000008002aa4       0x18 obj/stm32_can.o
                0x0000000008002aa4                Can::FindById(Can::CANIDMAP*, int)
 .text._ZN3Can3AddEPNS_8CANIDMAPEN5Param9PARAM_NUMEiiis
                0x0000000008002abc       0x9a obj/stm32_can.o
                0x0000000008002abc                Can::Add(Can::CANIDMAP*, Param::PARAM_NUM, int, int, int, short)
 .text._ZN3Can7AddSendEN5Param9PARAM_NUMEiiis
                0x0000000008002b56       0x1c obj/stm32_can.o
                0x0000000008002b56                Can::AddSend(Param::PARAM_NUM, int, int, int, short)
 .text._ZN3Can7AddRecvEN5Param9PARAM_NUMEiiis
                0x0000000008002b72       0x2c obj/stm32_can.o
                0x0000000008002b72                Can::AddRecv(Param::PARAM_NUM, int, int, int, short)
 .text._ZN3Can10ProcessSDOEPm
                0x0000000008002b9e       0xba obj/stm32_can.o
                0x0000000008002b9e                Can::ProcessSDO(unsigned long*)
 .text._ZN3Can8HandleRxEi
                0x0000000008002c58       0xe6 obj/stm32_can.o
                0x0000000008002c58                Can::HandleRx(int)
 .text._ZN3Can11SaveToFlashEmPmi
                0x0000000008002d3e       0x30 obj/stm32_can.o
                0x0000000008002d3e                Can::SaveToFlash(unsigned long, unsigned long*, int)
 .text._ZN3Can15CopyIdMapExceptEPNS_8CANIDMAPES1_N5Param9PARAM_NUME
                0x0000000008002d6e       0x96 obj/stm32_can.o
                0x0000000008002d6e                Can::CopyIdMapExcept(Can::CANIDMAP*, Can::CANIDMAP*, Param::PARAM_NUM)
 .text._ZN3Can13RemoveFromMapEPNS_8CANIDMAPEN5Param9PARAM_NUME
                0x0000000008002e04       0x36 obj/stm32_can.o
                0x0000000008002e04                Can::RemoveFromMap(Can::CANIDMAP*, Param::PARAM_NUM)
 .text._ZN3Can6RemoveEN5Param9PARAM_NUME
                0x0000000008002e3a       0x20 obj/stm32_can.o
                0x0000000008002e3a                Can::Remove(Param::PARAM_NUM)
 .text._ZN3Can21ReplaceParamEnumByUidEPNS_8CANIDMAPE
                0x0000000008002e5a       0x56 obj/stm32_can.o
                0x0000000008002e5a                Can::ReplaceParamEnumByUid(Can::CANIDMAP*)
 .text._ZN3Can21ReplaceParamUidByEnumEPNS_8CANIDMAPE
                0x0000000008002eb0       0x54 obj/stm32_can.o
                0x0000000008002eb0                Can::ReplaceParamUidByEnum(Can::CANIDMAP*)
 .text._ZN3Can4SaveEv
                0x0000000008002f04       0x7c obj/stm32_can.o
                0x0000000008002f04                Can::Save()
 .text._ZN3Can13LoadFromFlashEv
                0x0000000008002f80       0x58 obj/stm32_can.o
                0x0000000008002f80                Can::LoadFromFlash()
 .text._ZN3CanC2EmNS_9baudratesE
                0x0000000008002fd8      0x12c obj/stm32_can.o
                0x0000000008002fd8                Can::Can(unsigned long, Can::baudrates)
                0x0000000008002fd8                Can::Can(unsigned long, Can::baudrates)
 .text.usb_lp_can_rx0_isr
                0x0000000008003104       0x10 obj/stm32_can.o
                0x0000000008003104                usb_lp_can_rx0_isr
 .text.can_rx1_isr
                0x0000000008003114       0x10 obj/stm32_can.o
                0x0000000008003114                can_rx1_isr
 .text.usb_hp_can_tx_isr
                0x0000000008003124        0xc obj/stm32_can.o
                0x0000000008003124                usb_hp_can_tx_isr
 .text.can2_rx0_isr
                0x0000000008003130       0x10 obj/stm32_can.o
                0x0000000008003130                can2_rx0_isr
 .text.can2_rx1_isr
                0x0000000008003140       0x10 obj/stm32_can.o
                0x0000000008003140                can2_rx1_isr
 .text.can2_tx_isr
                0x0000000008003150        0xc obj/stm32_can.o
                0x0000000008003150                can2_tx_isr
 .text._ZN16TerminalCommands11PrintCanMapEN5Param9PARAM_NUMEiiilb
                0x000000000800315c       0x64 obj/terminalcommands.o
                0x000000000800315c                TerminalCommands::PrintCanMap(Param::PARAM_NUM, int, int, int, long, bool)
 .text._ZN16TerminalCommands8ParamSetEP8TerminalPc
                0x00000000080031c0       0x68 obj/terminalcommands.o
                0x00000000080031c0                TerminalCommands::ParamSet(Terminal*, char*)
 .text._ZN16TerminalCommands8ParamGetEP8TerminalPc
                0x0000000008003228       0x5c obj/terminalcommands.o
                0x0000000008003228                TerminalCommands::ParamGet(Terminal*, char*)
 .text._ZN16TerminalCommands9ParamFlagEP8TerminalPc
                0x0000000008003284       0x94 obj/terminalcommands.o
                0x0000000008003284                TerminalCommands::ParamFlag(Terminal*, char*)
 .text._ZN16TerminalCommands11ParamStreamEP8TerminalPc
                0x0000000008003318      0x118 obj/terminalcommands.o
                0x0000000008003318                TerminalCommands::ParamStream(Terminal*, char*)
 .text._ZN16TerminalCommands15PrintParamsJsonEP8TerminalPc
                0x0000000008003430      0x108 obj/terminalcommands.o
                0x0000000008003430                TerminalCommands::PrintParamsJson(Terminal*, char*)
 .text._ZN16TerminalCommands6MapCanEP8TerminalPc
                0x0000000008003538      0x1cc obj/terminalcommands.o
                0x0000000008003538                TerminalCommands::MapCan(Terminal*, char*)
 .text._ZN16TerminalCommands14SaveParametersEP8TerminalPc
                0x0000000008003704       0x30 obj/terminalcommands.o
                0x0000000008003704                TerminalCommands::SaveParameters(Terminal*, char*)
 .text._ZN16TerminalCommands14LoadParametersEP8TerminalPc
                0x0000000008003734       0x28 obj/terminalcommands.o
                0x0000000008003734                TerminalCommands::LoadParameters(Terminal*, char*)
 .text._ZN16TerminalCommands5ResetEP8TerminalPc
                0x000000000800375c        0x6 obj/terminalcommands.o
                0x000000000800375c                TerminalCommands::Reset(Terminal*, char*)
 *fill*         0x0000000008003762        0x2 
 .text._ZN7ChaDeMo17Process108MessageEPm
                0x0000000008003764        0xc obj/chademo.o
                0x0000000008003764                ChaDeMo::Process108Message(unsigned long*)
 .text._ZN7ChaDeMo17Process109MessageEPm
                0x0000000008003770       0x34 obj/chademo.o
                0x0000000008003770                ChaDeMo::Process109Message(unsigned long*)
 .text._ZN7ChaDeMo10SetEnabledEb
                0x00000000080037a4       0x24 obj/chademo.o
                0x00000000080037a4                ChaDeMo::SetEnabled(bool)
 .text._ZN7ChaDeMo16SetChargeCurrentEh
                0x00000000080037c8       0x30 obj/chademo.o
                0x00000000080037c8                ChaDeMo::SetChargeCurrent(unsigned char)
 .text._ZN7ChaDeMo12SendMessagesEP3Can
                0x00000000080037f8       0xd0 obj/chademo.o
                0x00000000080037f8                ChaDeMo::SendMessages(Can*)
 .text._ZL5delayv
                0x00000000080038c8       0x10 obj/isa_shunt.o
 .text._ZN3ISA9handle521EPm
                0x00000000080038d8       0x10 obj/isa_shunt.o
                0x00000000080038d8                ISA::handle521(unsigned long*)
 .text._ZN3ISA9handle522EPm
                0x00000000080038e8       0x10 obj/isa_shunt.o
                0x00000000080038e8                ISA::handle522(unsigned long*)
 .text._ZN3ISA9handle523EPm
                0x00000000080038f8       0x10 obj/isa_shunt.o
                0x00000000080038f8                ISA::handle523(unsigned long*)
 .text._ZN3ISA9handle524EPm
                0x0000000008003908       0x10 obj/isa_shunt.o
                0x0000000008003908                ISA::handle524(unsigned long*)
 .text._ZN3ISA9handle525EPm
                0x0000000008003918       0x20 obj/isa_shunt.o
                0x0000000008003918                ISA::handle525(unsigned long*)
 .text._ZN3ISA9handle526EPm
                0x0000000008003938       0x10 obj/isa_shunt.o
                0x0000000008003938                ISA::handle526(unsigned long*)
 .text._ZN3ISA9handle527EPm
                0x0000000008003948       0x10 obj/isa_shunt.o
                0x0000000008003948                ISA::handle527(unsigned long*)
 .text._ZN3ISA9handle528EPm
                0x0000000008003958       0x10 obj/isa_shunt.o
                0x0000000008003958                ISA::handle528(unsigned long*)
 .text._ZN3ISA4STOPEv
                0x0000000008003968       0x24 obj/isa_shunt.o
                0x0000000008003968                ISA::STOP()
 .text._ZN3ISA9sendSTOREEv
                0x000000000800398c       0x20 obj/isa_shunt.o
                0x000000000800398c                ISA::sendSTORE()
 .text._ZN3ISA5STARTEv
                0x00000000080039ac       0x24 obj/isa_shunt.o
                0x00000000080039ac                ISA::START()
 .text._ZN3ISA10initializeEv
                0x00000000080039d0       0x5c obj/isa_shunt.o
                0x00000000080039d0                ISA::initialize()
 .text.adc_power_on
                0x0000000008003a2c       0x10 libopencm3/lib\libopencm3_stm32f1.a(adc.o)
                0x0000000008003a2c                adc_power_on
 .text.adc_start_conversion_direct
                0x0000000008003a3c       0x10 libopencm3/lib\libopencm3_stm32f1.a(adc.o)
                0x0000000008003a3c                adc_start_conversion_direct
 .text.adc_reset_calibration
                0x0000000008003a4c       0x14 libopencm3/lib\libopencm3_stm32f1.a(adc.o)
                0x0000000008003a4c                adc_reset_calibration
 .text.adc_calibrate_async
                0x0000000008003a60        0xa libopencm3/lib\libopencm3_stm32f1.a(adc.o)
                0x0000000008003a60                adc_calibrate_async
 .text.adc_is_calibrating
                0x0000000008003a6a        0x8 libopencm3/lib\libopencm3_stm32f1.a(adc.o)
                0x0000000008003a6a                adc_is_calibrating
 .text.adc_calibrate
                0x0000000008003a72       0x14 libopencm3/lib\libopencm3_stm32f1.a(adc.o)
                0x0000000008003a72                adc_calibrate
 .text.adc_set_sample_time_on_all_channels
                0x0000000008003a86       0x2a libopencm3/lib\libopencm3_stm32f1.a(adc.o)
                0x0000000008003a86                adc_set_sample_time_on_all_channels
 .text.adc_power_off
                0x0000000008003ab0        0xa libopencm3/lib\libopencm3_stm32f1.a(adc_common_v1.o)
                0x0000000008003ab0                adc_power_off
 .text.adc_enable_scan_mode
                0x0000000008003aba        0xa libopencm3/lib\libopencm3_stm32f1.a(adc_common_v1.o)
                0x0000000008003aba                adc_enable_scan_mode
 .text.adc_set_right_aligned
                0x0000000008003ac4        0xa libopencm3/lib\libopencm3_stm32f1.a(adc_common_v1.o)
                0x0000000008003ac4                adc_set_right_aligned
 .text.adc_set_continuous_conversion_mode
                0x0000000008003ace        0xa libopencm3/lib\libopencm3_stm32f1.a(adc_common_v1.o)
                0x0000000008003ace                adc_set_continuous_conversion_mode
 .text.adc_set_regular_sequence
                0x0000000008003ad8       0x5c libopencm3/lib\libopencm3_stm32f1.a(adc_common_v1.o)
                0x0000000008003ad8                adc_set_regular_sequence
 .text.adc_start_conversion_regular
                0x0000000008003b34       0x14 libopencm3/lib\libopencm3_stm32f1.a(adc_common_v1.o)
                0x0000000008003b34                adc_start_conversion_regular
 .text.adc_enable_dma
                0x0000000008003b48        0xa libopencm3/lib\libopencm3_stm32f1.a(adc_common_v1.o)
                0x0000000008003b48                adc_enable_dma
 *fill*         0x0000000008003b52        0x2 
 .text.can_reset
                0x0000000008003b54       0x18 libopencm3/lib\libopencm3_stm32f1.a(can.o)
                0x0000000008003b54                can_reset
 .text.can_init
                0x0000000008003b6c      0x12a libopencm3/lib\libopencm3_stm32f1.a(can.o)
                0x0000000008003b6c                can_init
 *fill*         0x0000000008003c96        0x2 
 .text.can_filter_init
                0x0000000008003c98       0x98 libopencm3/lib\libopencm3_stm32f1.a(can.o)
                0x0000000008003c98                can_filter_init
 .text.can_filter_id_list_16bit_init
                0x0000000008003d30       0x20 libopencm3/lib\libopencm3_stm32f1.a(can.o)
                0x0000000008003d30                can_filter_id_list_16bit_init
 .text.can_enable_irq
                0x0000000008003d50        0x8 libopencm3/lib\libopencm3_stm32f1.a(can.o)
                0x0000000008003d50                can_enable_irq
 .text.can_disable_irq
                0x0000000008003d58        0xa libopencm3/lib\libopencm3_stm32f1.a(can.o)
                0x0000000008003d58                can_disable_irq
 .text.can_transmit
                0x0000000008003d62       0xca libopencm3/lib\libopencm3_stm32f1.a(can.o)
                0x0000000008003d62                can_transmit
 .text.can_fifo_release
                0x0000000008003e2c       0x16 libopencm3/lib\libopencm3_stm32f1.a(can.o)
                0x0000000008003e2c                can_fifo_release
 .text.can_fifo_pending
                0x0000000008003e42        0xe libopencm3/lib\libopencm3_stm32f1.a(can.o)
                0x0000000008003e42                can_fifo_pending
 .text.can_receive
                0x0000000008003e50       0xb8 libopencm3/lib\libopencm3_stm32f1.a(can.o)
                0x0000000008003e50                can_receive
 .text.crc_reset
                0x0000000008003f08       0x10 libopencm3/lib\libopencm3_stm32f1.a(crc_common_all.o)
                0x0000000008003f08                crc_reset
 .text.crc_calculate
                0x0000000008003f18        0xc libopencm3/lib\libopencm3_stm32f1.a(crc_common_all.o)
                0x0000000008003f18                crc_calculate
 .text.crc_calculate_block
                0x0000000008003f24       0x1c libopencm3/lib\libopencm3_stm32f1.a(crc_common_all.o)
                0x0000000008003f24                crc_calculate_block
 .text.dma_channel_reset
                0x0000000008003f40       0x20 libopencm3/lib\libopencm3_stm32f1.a(dma_common_l1f013.o)
                0x0000000008003f40                dma_channel_reset
 .text.dma_clear_interrupt_flags
                0x0000000008003f60        0xa libopencm3/lib\libopencm3_stm32f1.a(dma_common_l1f013.o)
                0x0000000008003f60                dma_clear_interrupt_flags
 .text.dma_get_interrupt_flag
                0x0000000008003f6a       0x12 libopencm3/lib\libopencm3_stm32f1.a(dma_common_l1f013.o)
                0x0000000008003f6a                dma_get_interrupt_flag
 .text.dma_set_memory_size
                0x0000000008003f7c       0x18 libopencm3/lib\libopencm3_stm32f1.a(dma_common_l1f013.o)
                0x0000000008003f7c                dma_set_memory_size
 .text.dma_set_peripheral_size
                0x0000000008003f94       0x18 libopencm3/lib\libopencm3_stm32f1.a(dma_common_l1f013.o)
                0x0000000008003f94                dma_set_peripheral_size
 .text.dma_enable_memory_increment_mode
                0x0000000008003fac       0x12 libopencm3/lib\libopencm3_stm32f1.a(dma_common_l1f013.o)
                0x0000000008003fac                dma_enable_memory_increment_mode
 .text.dma_enable_circular_mode
                0x0000000008003fbe       0x1a libopencm3/lib\libopencm3_stm32f1.a(dma_common_l1f013.o)
                0x0000000008003fbe                dma_enable_circular_mode
 .text.dma_set_read_from_memory
                0x0000000008003fd8       0x12 libopencm3/lib\libopencm3_stm32f1.a(dma_common_l1f013.o)
                0x0000000008003fd8                dma_set_read_from_memory
 .text.dma_enable_channel
                0x0000000008003fea       0x12 libopencm3/lib\libopencm3_stm32f1.a(dma_common_l1f013.o)
                0x0000000008003fea                dma_enable_channel
 .text.dma_disable_channel
                0x0000000008003ffc       0x12 libopencm3/lib\libopencm3_stm32f1.a(dma_common_l1f013.o)
                0x0000000008003ffc                dma_disable_channel
 .text.dma_set_peripheral_address
                0x000000000800400e       0x12 libopencm3/lib\libopencm3_stm32f1.a(dma_common_l1f013.o)
                0x000000000800400e                dma_set_peripheral_address
 .text.dma_set_memory_address
                0x0000000008004020       0x12 libopencm3/lib\libopencm3_stm32f1.a(dma_common_l1f013.o)
                0x0000000008004020                dma_set_memory_address
 .text.dma_get_number_of_data
                0x0000000008004032        0xe libopencm3/lib\libopencm3_stm32f1.a(dma_common_l1f013.o)
                0x0000000008004032                dma_get_number_of_data
 .text.dma_set_number_of_data
                0x0000000008004040        0xc libopencm3/lib\libopencm3_stm32f1.a(dma_common_l1f013.o)
                0x0000000008004040                dma_set_number_of_data
 .text.flash_get_status_flags
                0x000000000800404c       0x20 libopencm3/lib\libopencm3_stm32f1.a(flash.o)
                0x000000000800404c                flash_get_status_flags
 .text.flash_program_half_word
                0x000000000800406c       0x74 libopencm3/lib\libopencm3_stm32f1.a(flash.o)
                0x000000000800406c                flash_program_half_word
 .text.flash_erase_page
                0x00000000080040e0       0x80 libopencm3/lib\libopencm3_stm32f1.a(flash.o)
                0x00000000080040e0                flash_erase_page
 .text.flash_set_ws
                0x0000000008004160       0x14 libopencm3/lib\libopencm3_stm32f1.a(flash_common_all.o)
                0x0000000008004160                flash_set_ws
 .text.flash_unlock
                0x0000000008004174       0x18 libopencm3/lib\libopencm3_stm32f1.a(flash_common_f.o)
                0x0000000008004174                flash_unlock
 .text.flash_lock
                0x000000000800418c       0x10 libopencm3/lib\libopencm3_stm32f1.a(flash_common_f.o)
                0x000000000800418c                flash_lock
 .text.flash_wait_for_last_operation
                0x000000000800419c        0xc libopencm3/lib\libopencm3_stm32f1.a(flash_common_f01.o)
                0x000000000800419c                flash_wait_for_last_operation
 .text.flash_program_word
                0x00000000080041a8       0x18 libopencm3/lib\libopencm3_stm32f1.a(flash_common_f01.o)
                0x00000000080041a8                flash_program_word
 .text.gpio_set_mode
                0x00000000080041c0       0x6a libopencm3/lib\libopencm3_stm32f1.a(gpio.o)
                0x00000000080041c0                gpio_set_mode
 .text.gpio_set
                0x000000000800422a        0x4 libopencm3/lib\libopencm3_stm32f1.a(gpio_common_all.o)
                0x000000000800422a                gpio_set
 .text.gpio_clear
                0x000000000800422e        0x6 libopencm3/lib\libopencm3_stm32f1.a(gpio_common_all.o)
                0x000000000800422e                gpio_clear
 .text.gpio_get
                0x0000000008004234        0x6 libopencm3/lib\libopencm3_stm32f1.a(gpio_common_all.o)
                0x0000000008004234                gpio_get
 .text.gpio_toggle
                0x000000000800423a       0x12 libopencm3/lib\libopencm3_stm32f1.a(gpio_common_all.o)
                0x000000000800423a                gpio_toggle
 .text.iwdg_reset
                0x000000000800424c       0x10 libopencm3/lib\libopencm3_stm32f1.a(iwdg_common_all.o)
                0x000000000800424c                iwdg_reset
 .text.rcc_is_osc_ready
                0x000000000800425c       0x58 libopencm3/lib\libopencm3_stm32f1.a(rcc.o)
                0x000000000800425c                rcc_is_osc_ready
 .text.rcc_wait_for_osc_ready
                0x00000000080042b4       0x10 libopencm3/lib\libopencm3_stm32f1.a(rcc.o)
                0x00000000080042b4                rcc_wait_for_osc_ready
 .text.rcc_osc_on
                0x00000000080042c4       0x60 libopencm3/lib\libopencm3_stm32f1.a(rcc.o)
                0x00000000080042c4                rcc_osc_on
 .text.rcc_set_sysclk_source
                0x0000000008004324       0x14 libopencm3/lib\libopencm3_stm32f1.a(rcc.o)
                0x0000000008004324                rcc_set_sysclk_source
 .text.rcc_set_pll_multiplication_factor
                0x0000000008004338       0x14 libopencm3/lib\libopencm3_stm32f1.a(rcc.o)
                0x0000000008004338                rcc_set_pll_multiplication_factor
 .text.rcc_set_pll_source
                0x000000000800434c       0x14 libopencm3/lib\libopencm3_stm32f1.a(rcc.o)
                0x000000000800434c                rcc_set_pll_source
 .text.rcc_set_pllxtpre
                0x0000000008004360       0x14 libopencm3/lib\libopencm3_stm32f1.a(rcc.o)
                0x0000000008004360                rcc_set_pllxtpre
 .text.rcc_rtc_clock_enabled_flag
                0x0000000008004374       0x10 libopencm3/lib\libopencm3_stm32f1.a(rcc.o)
                0x0000000008004374                rcc_rtc_clock_enabled_flag
 .text.rcc_enable_rtc_clock
                0x0000000008004384       0x10 libopencm3/lib\libopencm3_stm32f1.a(rcc.o)
                0x0000000008004384                rcc_enable_rtc_clock
 .text.rcc_set_rtc_clock_source
                0x0000000008004394       0x84 libopencm3/lib\libopencm3_stm32f1.a(rcc.o)
                0x0000000008004394                rcc_set_rtc_clock_source
 .text.rcc_set_adcpre
                0x0000000008004418       0x14 libopencm3/lib\libopencm3_stm32f1.a(rcc.o)
                0x0000000008004418                rcc_set_adcpre
 .text.rcc_set_ppre2
                0x000000000800442c       0x14 libopencm3/lib\libopencm3_stm32f1.a(rcc.o)
                0x000000000800442c                rcc_set_ppre2
 .text.rcc_set_ppre1
                0x0000000008004440       0x14 libopencm3/lib\libopencm3_stm32f1.a(rcc.o)
                0x0000000008004440                rcc_set_ppre1
 .text.rcc_set_hpre
                0x0000000008004454       0x14 libopencm3/lib\libopencm3_stm32f1.a(rcc.o)
                0x0000000008004454                rcc_set_hpre
 .text.rcc_clock_setup_in_hse_8mhz_out_72mhz
                0x0000000008004468       0x88 libopencm3/lib\libopencm3_stm32f1.a(rcc.o)
                0x0000000008004468                rcc_clock_setup_in_hse_8mhz_out_72mhz
 .text.rcc_periph_clock_enable
                0x00000000080044f0       0x1a libopencm3/lib\libopencm3_stm32f1.a(rcc_common_all.o)
                0x00000000080044f0                rcc_periph_clock_enable
 .text.rcc_periph_reset_pulse
                0x000000000800450a       0x22 libopencm3/lib\libopencm3_stm32f1.a(rcc_common_all.o)
                0x000000000800450a                rcc_periph_reset_pulse
 .text.rtc_enter_config_mode
                0x000000000800452c       0x1c libopencm3/lib\libopencm3_stm32f1.a(rtc.o)
                0x000000000800452c                rtc_enter_config_mode
 .text.rtc_exit_config_mode
                0x0000000008004548       0x1c libopencm3/lib\libopencm3_stm32f1.a(rtc.o)
                0x0000000008004548                rtc_exit_config_mode
 .text.rtc_awake_from_off
                0x0000000008004564       0x6c libopencm3/lib\libopencm3_stm32f1.a(rtc.o)
                0x0000000008004564                rtc_awake_from_off
 .text.rtc_set_prescale_val
                0x00000000080045d0       0x24 libopencm3/lib\libopencm3_stm32f1.a(rtc.o)
                0x00000000080045d0                rtc_set_prescale_val
 .text.rtc_get_counter_val
                0x00000000080045f4       0x14 libopencm3/lib\libopencm3_stm32f1.a(rtc.o)
                0x00000000080045f4                rtc_get_counter_val
 .text.rtc_set_counter_val
                0x0000000008004608       0x20 libopencm3/lib\libopencm3_stm32f1.a(rtc.o)
                0x0000000008004608                rtc_set_counter_val
 .text.rtc_awake_from_standby
                0x0000000008004628       0x3c libopencm3/lib\libopencm3_stm32f1.a(rtc.o)
                0x0000000008004628                rtc_awake_from_standby
 .text.rtc_auto_awake
                0x0000000008004664       0x34 libopencm3/lib\libopencm3_stm32f1.a(rtc.o)
                0x0000000008004664                rtc_auto_awake
 .text.timer_enable_irq
                0x0000000008004698        0x8 libopencm3/lib\libopencm3_stm32f1.a(timer_common_all.o)
                0x0000000008004698                timer_enable_irq
 .text.timer_get_flag
                0x00000000080046a0        0xc libopencm3/lib\libopencm3_stm32f1.a(timer_common_all.o)
                0x00000000080046a0                timer_get_flag
 .text.timer_clear_flag
                0x00000000080046ac        0x6 libopencm3/lib\libopencm3_stm32f1.a(timer_common_all.o)
                0x00000000080046ac                timer_clear_flag
 .text.timer_enable_preload
                0x00000000080046b2        0xa libopencm3/lib\libopencm3_stm32f1.a(timer_common_all.o)
                0x00000000080046b2                timer_enable_preload
 .text.timer_set_alignment
                0x00000000080046bc       0x14 libopencm3/lib\libopencm3_stm32f1.a(timer_common_all.o)
                0x00000000080046bc                timer_set_alignment
 .text.timer_direction_up
                0x00000000080046d0        0xa libopencm3/lib\libopencm3_stm32f1.a(timer_common_all.o)
                0x00000000080046d0                timer_direction_up
 .text.timer_enable_counter
                0x00000000080046da        0xa libopencm3/lib\libopencm3_stm32f1.a(timer_common_all.o)
                0x00000000080046da                timer_enable_counter
 .text.timer_disable_counter
                0x00000000080046e4        0xa libopencm3/lib\libopencm3_stm32f1.a(timer_common_all.o)
                0x00000000080046e4                timer_disable_counter
 .text.timer_set_prescaler
                0x00000000080046ee        0x4 libopencm3/lib\libopencm3_stm32f1.a(timer_common_all.o)
                0x00000000080046ee                timer_set_prescaler
 .text.timer_set_period
                0x00000000080046f2        0x4 libopencm3/lib\libopencm3_stm32f1.a(timer_common_all.o)
                0x00000000080046f2                timer_set_period
 .text.timer_set_oc_mode
                0x00000000080046f6      0x18c libopencm3/lib\libopencm3_stm32f1.a(timer_common_all.o)
                0x00000000080046f6                timer_set_oc_mode
 .text.timer_enable_oc_preload
                0x0000000008004882       0x34 libopencm3/lib\libopencm3_stm32f1.a(timer_common_all.o)
                0x0000000008004882                timer_enable_oc_preload
 .text.timer_set_oc_polarity_high
                0x00000000080048b6       0x4a libopencm3/lib\libopencm3_stm32f1.a(timer_common_all.o)
                0x00000000080048b6                timer_set_oc_polarity_high
 .text.timer_enable_oc_output
                0x0000000008004900       0x4a libopencm3/lib\libopencm3_stm32f1.a(timer_common_all.o)
                0x0000000008004900                timer_enable_oc_output
 .text.timer_set_oc_value
                0x000000000800494a       0x20 libopencm3/lib\libopencm3_stm32f1.a(timer_common_all.o)
                0x000000000800494a                timer_set_oc_value
 .text.timer_generate_event
                0x000000000800496a        0x8 libopencm3/lib\libopencm3_stm32f1.a(timer_common_all.o)
                0x000000000800496a                timer_generate_event
 .text.timer_get_counter
                0x0000000008004972        0x4 libopencm3/lib\libopencm3_stm32f1.a(timer_common_all.o)
                0x0000000008004972                timer_get_counter
 .text.timer_set_counter
                0x0000000008004976        0x4 libopencm3/lib\libopencm3_stm32f1.a(timer_common_all.o)
                0x0000000008004976                timer_set_counter
 *fill*         0x000000000800497a        0x2 
 .text.usart_set_baudrate
                0x000000000800497c       0x28 libopencm3/lib\libopencm3_stm32f1.a(usart_common_all.o)
                0x000000000800497c                usart_set_baudrate
 .text.usart_set_databits
                0x00000000080049a4       0x12 libopencm3/lib\libopencm3_stm32f1.a(usart_common_all.o)
                0x00000000080049a4                usart_set_databits
 .text.usart_set_stopbits
                0x00000000080049b6        0xc libopencm3/lib\libopencm3_stm32f1.a(usart_common_all.o)
                0x00000000080049b6                usart_set_stopbits
 .text.usart_set_parity
                0x00000000080049c2        0xc libopencm3/lib\libopencm3_stm32f1.a(usart_common_all.o)
                0x00000000080049c2                usart_set_parity
 .text.usart_set_mode
                0x00000000080049ce        0xc libopencm3/lib\libopencm3_stm32f1.a(usart_common_all.o)
                0x00000000080049ce                usart_set_mode
 .text.usart_set_flow_control
                0x00000000080049da        0xc libopencm3/lib\libopencm3_stm32f1.a(usart_common_all.o)
                0x00000000080049da                usart_set_flow_control
 .text.usart_enable
                0x00000000080049e6        0xa libopencm3/lib\libopencm3_stm32f1.a(usart_common_all.o)
                0x00000000080049e6                usart_enable
 .text.usart_send_blocking
                0x00000000080049f0       0x16 libopencm3/lib\libopencm3_stm32f1.a(usart_common_all.o)
                0x00000000080049f0                usart_send_blocking
 .text.usart_enable_rx_dma
                0x0000000008004a06        0xa libopencm3/lib\libopencm3_stm32f1.a(usart_common_all.o)
                0x0000000008004a06                usart_enable_rx_dma
 .text.usart_enable_tx_dma
                0x0000000008004a10        0xa libopencm3/lib\libopencm3_stm32f1.a(usart_common_all.o)
                0x0000000008004a10                usart_enable_tx_dma
 .text.usart_send
                0x0000000008004a1a        0x8 libopencm3/lib\libopencm3_stm32f1.a(usart_common_f124.o)
                0x0000000008004a1a                usart_send
 .text.usart_recv
                0x0000000008004a22        0x8 libopencm3/lib\libopencm3_stm32f1.a(usart_common_f124.o)
                0x0000000008004a22                usart_recv
 .text.usart_wait_send_ready
                0x0000000008004a2a        0x8 libopencm3/lib\libopencm3_stm32f1.a(usart_common_f124.o)
                0x0000000008004a2a                usart_wait_send_ready
 .text.usart_get_flag
                0x0000000008004a32        0xc libopencm3/lib\libopencm3_stm32f1.a(usart_common_f124.o)
                0x0000000008004a32                usart_get_flag
 .text.blocking_handler
                0x0000000008004a3e        0x2 libopencm3/lib\libopencm3_stm32f1.a(vector.o)
                0x0000000008004a3e                usart3_isr
                0x0000000008004a3e                rtc_isr
                0x0000000008004a3e                tim7_isr
                0x0000000008004a3e                adc1_2_isr
                0x0000000008004a3e                tim1_trg_com_isr
                0x0000000008004a3e                tim6_isr
                0x0000000008004a3e                usb_wakeup_isr
                0x0000000008004a3e                blocking_handler
                0x0000000008004a3e                tim5_isr
                0x0000000008004a3e                otg_fs_isr
                0x0000000008004a3e                spi1_isr
                0x0000000008004a3e                exti2_isr
                0x0000000008004a3e                dma1_channel6_isr
                0x0000000008004a3e                dma1_channel5_isr
                0x0000000008004a3e                dma2_channel5_isr
                0x0000000008004a3e                usart1_isr
                0x0000000008004a3e                usage_fault_handler
                0x0000000008004a3e                tim8_trg_com_isr
                0x0000000008004a3e                tim1_brk_isr
                0x0000000008004a3e                tim1_cc_isr
                0x0000000008004a3e                sdio_isr
                0x0000000008004a3e                eth_isr
                0x0000000008004a3e                dma1_channel4_isr
                0x0000000008004a3e                tim8_brk_isr
                0x0000000008004a3e                dma2_channel4_5_isr
                0x0000000008004a3e                pvd_isr
                0x0000000008004a3e                rcc_isr
                0x0000000008004a3e                flash_isr
                0x0000000008004a3e                uart4_isr
                0x0000000008004a3e                rtc_alarm_isr
                0x0000000008004a3e                exti15_10_isr
                0x0000000008004a3e                hard_fault_handler
                0x0000000008004a3e                exti1_isr
                0x0000000008004a3e                i2c1_ev_isr
                0x0000000008004a3e                dma2_channel1_isr
                0x0000000008004a3e                spi2_isr
                0x0000000008004a3e                tim8_up_isr
                0x0000000008004a3e                dma2_channel2_isr
                0x0000000008004a3e                exti3_isr
                0x0000000008004a3e                adc3_isr
                0x0000000008004a3e                tim3_isr
                0x0000000008004a3e                usart2_isr
                0x0000000008004a3e                i2c2_er_isr
                0x0000000008004a3e                i2c2_ev_isr
                0x0000000008004a3e                uart5_isr
                0x0000000008004a3e                fsmc_isr
                0x0000000008004a3e                dma1_channel1_isr
                0x0000000008004a3e                exti4_isr
                0x0000000008004a3e                mem_manage_handler
                0x0000000008004a3e                exti9_5_isr
                0x0000000008004a3e                dma2_channel3_isr
                0x0000000008004a3e                dma1_channel7_isr
                0x0000000008004a3e                tim1_up_isr
                0x0000000008004a3e                can2_sce_isr
                0x0000000008004a3e                tim4_isr
                0x0000000008004a3e                dma1_channel2_isr
                0x0000000008004a3e                i2c1_er_isr
                0x0000000008004a3e                can_sce_isr
                0x0000000008004a3e                tim8_cc_isr
                0x0000000008004a3e                tamper_isr
                0x0000000008004a3e                eth_wkup_isr
                0x0000000008004a3e                bus_fault_handler
                0x0000000008004a3e                wwdg_isr
                0x0000000008004a3e                dma1_channel3_isr
                0x0000000008004a3e                spi3_isr
                0x0000000008004a3e                exti0_isr
 .text.null_handler
                0x0000000008004a40        0x2 libopencm3/lib\libopencm3_stm32f1.a(vector.o)
                0x0000000008004a40                sv_call_handler
                0x0000000008004a40                pend_sv_handler
                0x0000000008004a40                debug_monitor_handler
                0x0000000008004a40                sys_tick_handler
                0x0000000008004a40                nmi_handler
                0x0000000008004a40                null_handler
 *fill*         0x0000000008004a42        0x2 
 .text.reset_handler
                0x0000000008004a44       0x94 libopencm3/lib\libopencm3_stm32f1.a(vector.o)
                0x0000000008004a44                reset_handler
 .text.scb_reset_system
                0x0000000008004ad8       0x10 libopencm3/lib\libopencm3_stm32f1.a(scb.o)
                0x0000000008004ad8                scb_reset_system
 .text.nvic_enable_irq
                0x0000000008004ae8       0x18 libopencm3/lib\libopencm3_stm32f1.a(nvic.o)
                0x0000000008004ae8                nvic_enable_irq
 .text.nvic_set_priority
                0x0000000008004b00       0x20 libopencm3/lib\libopencm3_stm32f1.a(nvic.o)
                0x0000000008004b00                nvic_set_priority
 .text.desig_get_flash_size
                0x0000000008004b20        0xc libopencm3/lib\libopencm3_stm32f1.a(desig_common_v1.o)
                0x0000000008004b20                desig_get_flash_size
 .text.pwr_disable_backup_domain_write_protect
                0x0000000008004b2c       0x10 libopencm3/lib\libopencm3_stm32f1.a(pwr_common_v1.o)
                0x0000000008004b2c                pwr_disable_backup_domain_write_protect
                0x0000000008004b3c                . = ALIGN (0x4)
 *(.rodata*)
 .rodata._ZN14Stm32Scheduler5ocMapE
                0x0000000008004b3c        0x4 obj/stm32scheduler.o
                0x0000000008004b3c                Stm32Scheduler::ocMap
 .rodata.str1.1
                0x0000000008004b40      0x1b0 obj/params.o
 .rodata._ZN8Terminal10EnableUartEPc.str1.1
                0x0000000008004cf0      0x1b0 obj/terminal.o
                                          0x5 (size before relaxing)
 .rodata._ZN8Terminal8FastUartEPc.str1.1
                0x0000000008004cf0       0x17 obj/terminal.o
 .rodata._ZN8Terminal3RunEv.str1.1
                0x0000000008004d07       0x2f obj/terminal.o
 *fill*         0x0000000008004d36        0x2 
 .rodata._ZTV8Terminal
                0x0000000008004d38        0xc obj/terminal.o
                0x0000000008004d38                vtable for Terminal
 .rodata._ZN8Terminal6hwInfoE
                0x0000000008004d44       0x48 obj/terminal.o
                0x0000000008004d44                Terminal::hwInfo
 .rodata._ZL11PrintSerialP8TerminalPc.str1.1
                0x0000000008004d8c        0x9 obj/terminal_prj.o
 .rodata._ZL12LoadDefaultsP8TerminalPc.str1.1
                0x0000000008004d95       0x12 obj/terminal_prj.o
 .rodata.str1.1
                0x0000000008004da7       0x3c obj/terminal_prj.o
                                         0x49 (size before relaxing)
 *fill*         0x0000000008004de3        0x1 
 .rodata.termCmds
                0x0000000008004de4       0x70 obj/terminal_prj.o
                0x0000000008004de4                termCmds
 .rodata.CSWTCH.3
                0x0000000008004e54        0x4 obj/digio.o
 .rodata.CSWTCH.2
                0x0000000008004e58        0x4 obj/digio.o
 .rodata.CSWTCH.1
                0x0000000008004e5c        0x4 obj/digio.o
 .rodata._ZL5printP8IPutCharPKcSt9__va_list.str1.1
                0x0000000008004e60        0x7 obj/printf.o
 *fill*         0x0000000008004e67        0x1 
 .rodata._ZTV13ExternPutChar
                0x0000000008004e68        0xc obj/printf.o
                0x0000000008004e68                vtable for ExternPutChar
 .rodata._ZN12ErrorMessage10PrintErrorEm17ERROR_MESSAGE_NUM.str1.1
                0x0000000008004e74       0x10 obj/errormessage.o
 .rodata._ZN12ErrorMessage14PrintAllErrorsEv.str1.1
                0x0000000008004e84        0xc obj/errormessage.o
 .rodata.str1.1
                0x0000000008004e90       0x30 obj/errormessage.o
                                         0x31 (size before relaxing)
 .rodata._ZL5types
                0x0000000008004ec0        0xc obj/errormessage.o
 .rodata._ZL16errorDescriptors
                0x0000000008004ecc       0x10 obj/errormessage.o
 .rodata._ZL8canSpeed
                0x0000000008004edc       0x30 obj/stm32_can.o
 .rodata._ZN16TerminalCommands11PrintCanMapEN5Param9PARAM_NUMEiiilb.str1.1
                0x0000000008004f0c       0x1e obj/terminalcommands.o
 .rodata._ZN16TerminalCommands8ParamSetEP8TerminalPc.str1.1
                0x0000000008004f2a       0x50 obj/terminalcommands.o
 .rodata._ZN16TerminalCommands8ParamGetEP8TerminalPc.str1.1
                0x0000000008004f7a       0x1f obj/terminalcommands.o
 .rodata._ZN16TerminalCommands9ParamFlagEP8TerminalPc.str1.1
                0x0000000008004f99       0x37 obj/terminalcommands.o
 .rodata._ZN16TerminalCommands11ParamStreamEP8TerminalPc.str1.1
                0x0000000008004fd0       0x38 obj/terminalcommands.o
                                         0x3e (size before relaxing)
 .rodata._ZN16TerminalCommands15PrintParamsJsonEP8TerminalPc.str1.1
                0x0000000008005008       0xd9 obj/terminalcommands.o
 .rodata._ZN16TerminalCommands6MapCanEP8TerminalPc.str1.1
                0x00000000080050e1       0xf4 obj/terminalcommands.o
                                         0xf6 (size before relaxing)
 .rodata._ZN16TerminalCommands14SaveParametersEP8TerminalPc.str1.1
                0x00000000080051d5       0x2c obj/terminalcommands.o
 .rodata._ZN16TerminalCommands14LoadParametersEP8TerminalPc.str1.1
                0x0000000008005201       0x2a obj/terminalcommands.o
                0x000000000800522c                . = ALIGN (0x4)
 *fill*         0x000000000800522b        0x1 

.glue_7         0x000000000800522c        0x0
 .glue_7        0x000000000800522c        0x0 linker stubs

.glue_7t        0x000000000800522c        0x0
 .glue_7t       0x000000000800522c        0x0 linker stubs

.vfp11_veneer   0x000000000800522c        0x0
 .vfp11_veneer  0x000000000800522c        0x0 linker stubs

.v4_bx          0x000000000800522c        0x0
 .v4_bx         0x000000000800522c        0x0 linker stubs

.iplt           0x000000000800522c        0x0
 .iplt          0x000000000800522c        0x0 obj/main.o

.rel.dyn        0x000000000800522c        0x0
 .rel.iplt      0x000000000800522c        0x0 obj/main.o

.preinit_array  0x000000000800522c        0x0
                0x000000000800522c                . = ALIGN (0x4)
                0x000000000800522c                __preinit_array_start = .
 *(.preinit_array)
                0x000000000800522c                __preinit_array_end = .

.init_array     0x000000000800522c        0x8
                0x000000000800522c                . = ALIGN (0x4)
                0x000000000800522c                __init_array_start = .
 *(SORT_BY_NAME(.init_array.*))
 *(.init_array)
 .init_array    0x000000000800522c        0x4 obj/params.o
 .init_array    0x0000000008005230        0x4 obj/anain.o
                0x0000000008005234                __init_array_end = .

.fini_array     0x0000000008005234        0x0
                0x0000000008005234                . = ALIGN (0x4)
                0x0000000008005234                __fini_array_start = .
 *(.fini_array)
 *(SORT_BY_NAME(.fini_array.*))
                0x0000000008005234                __fini_array_end = .

.ARM.extab
 *(.ARM.extab*)

.ARM.exidx      0x0000000008005234        0x0
                0x0000000008005234                __exidx_start = .
 *(.ARM.exidx*)
                0x0000000008005234                __exidx_end = .
                0x0000000008005234                . = ALIGN (0x4)
                0x0000000008005234                _etext = .

.data           0x0000000020000000      0x314 load address 0x0000000008005234
                0x0000000020000000                _data = .
 *(.data*)
 .data._ZN5ParamL6valuesE
                0x0000000020000000       0x5c obj/params.o
 .data._ZN5ParamL7attribsE
                0x000000002000005c      0x284 obj/params.o
 .data.errorBuffer
                0x00000000200002e0       0x20 obj/errormessage.o
                0x00000000200002e0                errorBuffer
 .data.errorListString
                0x0000000020000300        0x4 obj/errormessage.o
                0x0000000020000300                errorListString
 .data.firstframe
                0x0000000020000304        0x1 obj/isa_shunt.o
                0x0000000020000304                firstframe
 *fill*         0x0000000020000305        0x3 
 .data.rcc_ahb_frequency
                0x0000000020000308        0x4 libopencm3/lib\libopencm3_stm32f1.a(rcc.o)
                0x0000000020000308                rcc_ahb_frequency
 .data.rcc_apb2_frequency
                0x000000002000030c        0x4 libopencm3/lib\libopencm3_stm32f1.a(rcc.o)
                0x000000002000030c                rcc_apb2_frequency
 .data.rcc_apb1_frequency
                0x0000000020000310        0x4 libopencm3/lib\libopencm3_stm32f1.a(rcc.o)
                0x0000000020000310                rcc_apb1_frequency
                0x0000000020000314                . = ALIGN (0x4)
                0x0000000020000314                _edata = .
                0x0000000008005234                _data_loadaddr = LOADADDR (.data)

.igot.plt       0x0000000020000314        0x0 load address 0x0000000008005548
 .igot.plt      0x0000000020000314        0x0 obj/main.o

.bss            0x0000000020000314       0xd4 load address 0x0000000008005548
 *(.bss*)
 .bss._ZL8lockTime
                0x0000000020000314        0x4 obj/main.o
 .bss._ZL10chargeMode
                0x0000000020000318        0x1 obj/main.o
 *fill*         0x0000000020000319        0x3 
 .bss._ZL3can   0x000000002000031c        0x4 obj/main.o
 .bss._ZL9scheduler
                0x0000000020000320        0x4 obj/main.o
 .bss._ZN5ParamL5flagsE
                0x0000000020000324       0x17 obj/params.o
 *fill*         0x000000002000033b        0x1 
 .bss._ZN8Terminal15defaultTerminalE
                0x000000002000033c        0x4 obj/terminal.o
                0x000000002000033c                Terminal::defaultTerminal
 .bss._ZN5DigIo7led_outE
                0x0000000020000340        0x8 obj/digio.o
                0x0000000020000340                DigIo::led_out
 .bss._ZN5DigIo13hv_enable_outE
                0x0000000020000348        0x8 obj/digio.o
                0x0000000020000348                DigIo::hv_enable_out
 .bss._ZN5DigIo17charge_enable_outE
                0x0000000020000350        0x8 obj/digio.o
                0x0000000020000350                DigIo::charge_enable_out
 .bss._ZN5DigIo10hv_req_outE
                0x0000000020000358        0x8 obj/digio.o
                0x0000000020000358                DigIo::hv_req_out
 .bss._ZN5DigIo6car_inE
                0x0000000020000360        0x8 obj/digio.o
                0x0000000020000360                DigIo::car_in
 .bss._ZN5DigIo12charger_in_2E
                0x0000000020000368        0x8 obj/digio.o
                0x0000000020000368                DigIo::charger_in_2
 .bss._ZN5DigIo12charger_in_1E
                0x0000000020000370        0x8 obj/digio.o
                0x0000000020000370                DigIo::charger_in_1
 .bss._ZN5AnaIn4testE
                0x0000000020000378        0x4 obj/anain.o
                0x0000000020000378                AnaIn::test
 .bss._ZN5AnaIn6valuesE
                0x000000002000037c       0x18 obj/anain.o
                0x000000002000037c                AnaIn::values
 .bss._ZN5AnaIn13channel_arrayE
                0x0000000020000394        0x1 obj/anain.o
                0x0000000020000394                AnaIn::channel_array
 *fill*         0x0000000020000395        0x3 
 .bss._ZN12ErrorMessage8timeTickE
                0x0000000020000398        0x4 obj/errormessage.o
                0x0000000020000398                ErrorMessage::timeTick
 .bss._ZN3Can10interfacesE
                0x000000002000039c        0x8 obj/stm32_can.o
                0x000000002000039c                Can::interfaces
 .bss._ZL7curTerm
                0x00000000200003a4        0x4 obj/terminalcommands.o
 .bss._ZN7ChaDeMo10curTimeoutE
                0x00000000200003a8        0x4 obj/chademo.o
                0x00000000200003a8                ChaDeMo::curTimeout
 .bss._ZN7ChaDeMo10vtgTimeoutE
                0x00000000200003ac        0x4 obj/chademo.o
                0x00000000200003ac                ChaDeMo::vtgTimeout
 .bss._ZN7ChaDeMo3socE
                0x00000000200003b0        0x1 obj/chademo.o
                0x00000000200003b0                ChaDeMo::soc
 .bss._ZN7ChaDeMo13chargerStatusE
                0x00000000200003b1        0x1 obj/chademo.o
                0x00000000200003b1                ChaDeMo::chargerStatus
 .bss._ZN7ChaDeMo20chargerOutputCurrentE
                0x00000000200003b2        0x1 obj/chademo.o
                0x00000000200003b2                ChaDeMo::chargerOutputCurrent
 *fill*         0x00000000200003b3        0x1 
 .bss._ZN7ChaDeMo20chargerOutputVoltageE
                0x00000000200003b4        0x2 obj/chademo.o
                0x00000000200003b4                ChaDeMo::chargerOutputVoltage
 .bss._ZN7ChaDeMo20targetBatteryVoltageE
                0x00000000200003b6        0x2 obj/chademo.o
                0x00000000200003b6                ChaDeMo::targetBatteryVoltage
 .bss._ZN7ChaDeMo12rampedCurReqE
                0x00000000200003b8        0x4 obj/chademo.o
                0x00000000200003b8                ChaDeMo::rampedCurReq
 .bss._ZN7ChaDeMo20chargeCurrentRequestE
                0x00000000200003bc        0x1 obj/chademo.o
                0x00000000200003bc                ChaDeMo::chargeCurrentRequest
 .bss._ZN7ChaDeMo17chargerMaxCurrentE
                0x00000000200003bd        0x1 obj/chademo.o
                0x00000000200003bd                ChaDeMo::chargerMaxCurrent
 .bss._ZN7ChaDeMo7versionE
                0x00000000200003be        0x1 obj/chademo.o
                0x00000000200003be                ChaDeMo::version
 .bss._ZN7ChaDeMo13contactorOpenE
                0x00000000200003bf        0x1 obj/chademo.o
                0x00000000200003bf                ChaDeMo::contactorOpen
 .bss._ZN7ChaDeMo5faultE
                0x00000000200003c0        0x1 obj/chademo.o
                0x00000000200003c0                ChaDeMo::fault
 .bss._ZN7ChaDeMo15parkingPositionE
                0x00000000200003c1        0x1 obj/chademo.o
                0x00000000200003c1                ChaDeMo::parkingPosition
 .bss._ZN7ChaDeMo13chargeEnabledE
                0x00000000200003c2        0x1 obj/chademo.o
                0x00000000200003c2                ChaDeMo::chargeEnabled
 *fill*         0x00000000200003c3        0x1 
 .bss._ZN3ISA11TemperatureE
                0x00000000200003c4        0x2 obj/isa_shunt.o
                0x00000000200003c4                ISA::Temperature
 *fill*         0x00000000200003c6        0x2 
 .bss._ZN3ISA8Voltage3E
                0x00000000200003c8        0x4 obj/isa_shunt.o
                0x00000000200003c8                ISA::Voltage3
 .bss._ZN3ISA8Voltage2E
                0x00000000200003cc        0x4 obj/isa_shunt.o
                0x00000000200003cc                ISA::Voltage2
 .bss._ZN3ISA7VoltageE
                0x00000000200003d0        0x4 obj/isa_shunt.o
                0x00000000200003d0                ISA::Voltage
 .bss._ZN3ISA3KWhE
                0x00000000200003d4        0x4 obj/isa_shunt.o
                0x00000000200003d4                ISA::KWh
 .bss._ZN3ISA2KWE
                0x00000000200003d8        0x4 obj/isa_shunt.o
                0x00000000200003d8                ISA::KW
 .bss._ZN3ISA2AhE
                0x00000000200003dc        0x4 obj/isa_shunt.o
                0x00000000200003dc                ISA::Ah
 .bss._ZN3ISA7AmperesE
                0x00000000200003e0        0x4 obj/isa_shunt.o
                0x00000000200003e0                ISA::Amperes
 .bss.framecount
                0x00000000200003e4        0x2 obj/isa_shunt.o
                0x00000000200003e4                framecount
 *(COMMON)
                0x00000000200003e8                . = ALIGN (0x4)
 *fill*         0x00000000200003e6        0x2 
                0x00000000200003e8                _ebss = .

/DISCARD/
 *(.eh_frame)
                0x00000000200003e8                . = ALIGN (0x4)
                0x00000000200003e8                end = .
                0x0000000020005000                PROVIDE (_stack = (ORIGIN (ram) + LENGTH (ram)))
OUTPUT(stm32_chademo elf32-littlearm)
LOAD linker stubs

.comment        0x0000000000000000       0x12
 .comment       0x0000000000000000       0x12 obj/main.o
                                         0x13 (size before relaxing)
 .comment       0x0000000000000012       0x13 obj/hwinit.o
 .comment       0x0000000000000012       0x13 obj/stm32scheduler.o
 .comment       0x0000000000000012       0x13 obj/params.o
 .comment       0x0000000000000012       0x13 obj/terminal.o
 .comment       0x0000000000000012       0x13 obj/terminal_prj.o
 .comment       0x0000000000000012       0x13 obj/my_string.o
 .comment       0x0000000000000012       0x13 obj/digio.o
 .comment       0x0000000000000012       0x13 obj/my_fp.o
 .comment       0x0000000000000012       0x13 obj/printf.o
 .comment       0x0000000000000012       0x13 obj/anain.o
 .comment       0x0000000000000012       0x13 obj/param_save.o
 .comment       0x0000000000000012       0x13 obj/errormessage.o
 .comment       0x0000000000000012       0x13 obj/stm32_can.o
 .comment       0x0000000000000012       0x13 obj/terminalcommands.o
 .comment       0x0000000000000012       0x13 obj/chademo.o
 .comment       0x0000000000000012       0x13 obj/isa_shunt.o
 .comment       0x0000000000000012       0x13 libopencm3/lib\libopencm3_stm32f1.a(adc.o)
 .comment       0x0000000000000012       0x13 libopencm3/lib\libopencm3_stm32f1.a(adc_common_v1.o)
 .comment       0x0000000000000012       0x13 libopencm3/lib\libopencm3_stm32f1.a(can.o)
 .comment       0x0000000000000012       0x13 libopencm3/lib\libopencm3_stm32f1.a(crc_common_all.o)
 .comment       0x0000000000000012       0x13 libopencm3/lib\libopencm3_stm32f1.a(dma_common_l1f013.o)
 .comment       0x0000000000000012       0x13 libopencm3/lib\libopencm3_stm32f1.a(flash.o)
 .comment       0x0000000000000012       0x13 libopencm3/lib\libopencm3_stm32f1.a(flash_common_all.o)
 .comment       0x0000000000000012       0x13 libopencm3/lib\libopencm3_stm32f1.a(flash_common_f.o)
 .comment       0x0000000000000012       0x13 libopencm3/lib\libopencm3_stm32f1.a(flash_common_f01.o)
 .comment       0x0000000000000012       0x13 libopencm3/lib\libopencm3_stm32f1.a(gpio.o)
 .comment       0x0000000000000012       0x13 libopencm3/lib\libopencm3_stm32f1.a(gpio_common_all.o)
 .comment       0x0000000000000012       0x13 libopencm3/lib\libopencm3_stm32f1.a(iwdg_common_all.o)
 .comment       0x0000000000000012       0x13 libopencm3/lib\libopencm3_stm32f1.a(rcc.o)
 .comment       0x0000000000000012       0x13 libopencm3/lib\libopencm3_stm32f1.a(rcc_common_all.o)
 .comment       0x0000000000000012       0x13 libopencm3/lib\libopencm3_stm32f1.a(rtc.o)
 .comment       0x0000000000000012       0x13 libopencm3/lib\libopencm3_stm32f1.a(timer_common_all.o)
 .comment       0x0000000000000012       0x13 libopencm3/lib\libopencm3_stm32f1.a(usart_common_all.o)
 .comment       0x0000000000000012       0x13 libopencm3/lib\libopencm3_stm32f1.a(usart_common_f124.o)
 .comment       0x0000000000000012       0x13 libopencm3/lib\libopencm3_stm32f1.a(vector.o)
 .comment       0x0000000000000012       0x13 libopencm3/lib\libopencm3_stm32f1.a(scb.o)
 .comment       0x0000000000000012       0x13 libopencm3/lib\libopencm3_stm32f1.a(nvic.o)
 .comment       0x0000000000000012       0x13 libopencm3/lib\libopencm3_stm32f1.a(desig_common_v1.o)
 .comment       0x0000000000000012       0x13 libopencm3/lib\libopencm3_stm32f1.a(pwr_common_v1.o)

.ARM.attributes
                0x0000000000000000       0x2d
 .ARM.attributes
                0x0000000000000000       0x2d obj/main.o
 .ARM.attributes
                0x000000000000002d       0x2d obj/hwinit.o
 .ARM.attributes
                0x000000000000005a       0x2d obj/stm32scheduler.o
 .ARM.attributes
                0x0000000000000087       0x2d obj/params.o
 .ARM.attributes
                0x00000000000000b4       0x2d obj/terminal.o
 .ARM.attributes
                0x00000000000000e1       0x2d obj/terminal_prj.o
 .ARM.attributes
                0x000000000000010e       0x2d obj/my_string.o
 .ARM.attributes
                0x000000000000013b       0x2d obj/digio.o
 .ARM.attributes
                0x0000000000000168       0x2d obj/my_fp.o
 .ARM.attributes
                0x0000000000000195       0x2d obj/printf.o
 .ARM.attributes
                0x00000000000001c2       0x2d obj/anain.o
 .ARM.attributes
                0x00000000000001ef       0x2d obj/param_save.o
 .ARM.attributes
                0x000000000000021c       0x2d obj/errormessage.o
 .ARM.attributes
                0x0000000000000249       0x2d obj/stm32_can.o
 .ARM.attributes
                0x0000000000000276       0x2d obj/terminalcommands.o
 .ARM.attributes
                0x00000000000002a3       0x2d obj/chademo.o
 .ARM.attributes
                0x00000000000002d0       0x2d obj/isa_shunt.o
 .ARM.attributes
                0x00000000000002fd       0x2d libopencm3/lib\libopencm3_stm32f1.a(adc.o)
 .ARM.attributes
                0x000000000000032a       0x2d libopencm3/lib\libopencm3_stm32f1.a(adc_common_v1.o)
 .ARM.attributes
                0x0000000000000357       0x2d libopencm3/lib\libopencm3_stm32f1.a(can.o)
 .ARM.attributes
                0x0000000000000384       0x2d libopencm3/lib\libopencm3_stm32f1.a(crc_common_all.o)
 .ARM.attributes
                0x00000000000003b1       0x2d libopencm3/lib\libopencm3_stm32f1.a(dma_common_l1f013.o)
 .ARM.attributes
                0x00000000000003de       0x2d libopencm3/lib\libopencm3_stm32f1.a(flash.o)
 .ARM.attributes
                0x000000000000040b       0x2d libopencm3/lib\libopencm3_stm32f1.a(flash_common_all.o)
 .ARM.attributes
                0x0000000000000438       0x2d libopencm3/lib\libopencm3_stm32f1.a(flash_common_f.o)
 .ARM.attributes
                0x0000000000000465       0x2d libopencm3/lib\libopencm3_stm32f1.a(flash_common_f01.o)
 .ARM.attributes
                0x0000000000000492       0x2d libopencm3/lib\libopencm3_stm32f1.a(gpio.o)
 .ARM.attributes
                0x00000000000004bf       0x2d libopencm3/lib\libopencm3_stm32f1.a(gpio_common_all.o)
 .ARM.attributes
                0x00000000000004ec       0x2d libopencm3/lib\libopencm3_stm32f1.a(iwdg_common_all.o)
 .ARM.attributes
                0x0000000000000519       0x2d libopencm3/lib\libopencm3_stm32f1.a(rcc.o)
 .ARM.attributes
                0x0000000000000546       0x2d libopencm3/lib\libopencm3_stm32f1.a(rcc_common_all.o)
 .ARM.attributes
                0x0000000000000573       0x2d libopencm3/lib\libopencm3_stm32f1.a(rtc.o)
 .ARM.attributes
                0x00000000000005a0       0x2d libopencm3/lib\libopencm3_stm32f1.a(timer_common_all.o)
 .ARM.attributes
                0x00000000000005cd       0x2d libopencm3/lib\libopencm3_stm32f1.a(usart_common_all.o)
 .ARM.attributes
                0x00000000000005fa       0x2d libopencm3/lib\libopencm3_stm32f1.a(usart_common_f124.o)
 .ARM.attributes
                0x0000000000000627       0x2d libopencm3/lib\libopencm3_stm32f1.a(vector.o)
 .ARM.attributes
                0x0000000000000654       0x2d libopencm3/lib\libopencm3_stm32f1.a(scb.o)
 .ARM.attributes
                0x0000000000000681       0x2d libopencm3/lib\libopencm3_stm32f1.a(nvic.o)
 .ARM.attributes
                0x00000000000006ae       0x2d libopencm3/lib\libopencm3_stm32f1.a(desig_common_v1.o)
 .ARM.attributes
                0x00000000000006db       0x2d libopencm3/lib\libopencm3_stm32f1.a(pwr_common_v1.o)

.debug_info     0x0000000000000000     0x6845
 .debug_info    0x0000000000000000      0x397 libopencm3/lib\libopencm3_stm32f1.a(adc.o)
 .debug_info    0x0000000000000397      0x888 libopencm3/lib\libopencm3_stm32f1.a(adc_common_v1.o)
 .debug_info    0x0000000000000c1f      0xb22 libopencm3/lib\libopencm3_stm32f1.a(can.o)
 .debug_info    0x0000000000001741      0x119 libopencm3/lib\libopencm3_stm32f1.a(crc_common_all.o)
 .debug_info    0x000000000000185a      0x781 libopencm3/lib\libopencm3_stm32f1.a(dma_common_l1f013.o)
 .debug_info    0x0000000000001fdb      0x343 libopencm3/lib\libopencm3_stm32f1.a(flash.o)
 .debug_info    0x000000000000231e       0xf1 libopencm3/lib\libopencm3_stm32f1.a(flash_common_all.o)
 .debug_info    0x000000000000240f       0xb9 libopencm3/lib\libopencm3_stm32f1.a(flash_common_f.o)
 .debug_info    0x00000000000024c8      0x201 libopencm3/lib\libopencm3_stm32f1.a(flash_common_f01.o)
 .debug_info    0x00000000000026c9      0x1fd libopencm3/lib\libopencm3_stm32f1.a(gpio.o)
 .debug_info    0x00000000000028c6      0x256 libopencm3/lib\libopencm3_stm32f1.a(gpio_common_all.o)
 .debug_info    0x0000000000002b1c      0x177 libopencm3/lib\libopencm3_stm32f1.a(iwdg_common_all.o)
 .debug_info    0x0000000000002c93     0x1079 libopencm3/lib\libopencm3_stm32f1.a(rcc.o)
 .debug_info    0x0000000000003d0c      0x5ac libopencm3/lib\libopencm3_stm32f1.a(rcc_common_all.o)
 .debug_info    0x00000000000042b8      0x6d1 libopencm3/lib\libopencm3_stm32f1.a(rtc.o)
 .debug_info    0x0000000000004989      0xff0 libopencm3/lib\libopencm3_stm32f1.a(timer_common_all.o)
 .debug_info    0x0000000000005979      0x4d9 libopencm3/lib\libopencm3_stm32f1.a(usart_common_all.o)
 .debug_info    0x0000000000005e52      0x192 libopencm3/lib\libopencm3_stm32f1.a(usart_common_f124.o)
 .debug_info    0x0000000000005fe4      0x2c4 libopencm3/lib\libopencm3_stm32f1.a(vector.o)
 .debug_info    0x00000000000062a8       0xdb libopencm3/lib\libopencm3_stm32f1.a(scb.o)
 .debug_info    0x0000000000006383      0x239 libopencm3/lib\libopencm3_stm32f1.a(nvic.o)
 .debug_info    0x00000000000065bc       0xe8 libopencm3/lib\libopencm3_stm32f1.a(desig_common_v1.o)
 .debug_info    0x00000000000066a4      0x1a1 libopencm3/lib\libopencm3_stm32f1.a(pwr_common_v1.o)

.debug_abbrev   0x0000000000000000     0x1bc9
 .debug_abbrev  0x0000000000000000      0x195 libopencm3/lib\libopencm3_stm32f1.a(adc.o)
 .debug_abbrev  0x0000000000000195      0x1ab libopencm3/lib\libopencm3_stm32f1.a(adc_common_v1.o)
 .debug_abbrev  0x0000000000000340      0x2bd libopencm3/lib\libopencm3_stm32f1.a(can.o)
 .debug_abbrev  0x00000000000005fd       0xb6 libopencm3/lib\libopencm3_stm32f1.a(crc_common_all.o)
 .debug_abbrev  0x00000000000006b3      0x168 libopencm3/lib\libopencm3_stm32f1.a(dma_common_l1f013.o)
 .debug_abbrev  0x000000000000081b      0x160 libopencm3/lib\libopencm3_stm32f1.a(flash.o)
 .debug_abbrev  0x000000000000097b       0x96 libopencm3/lib\libopencm3_stm32f1.a(flash_common_all.o)
 .debug_abbrev  0x0000000000000a11       0x56 libopencm3/lib\libopencm3_stm32f1.a(flash_common_f.o)
 .debug_abbrev  0x0000000000000a67       0xf5 libopencm3/lib\libopencm3_stm32f1.a(flash_common_f01.o)
 .debug_abbrev  0x0000000000000b5c       0xd3 libopencm3/lib\libopencm3_stm32f1.a(gpio.o)
 .debug_abbrev  0x0000000000000c2f      0x115 libopencm3/lib\libopencm3_stm32f1.a(gpio_common_all.o)
 .debug_abbrev  0x0000000000000d44      0x10e libopencm3/lib\libopencm3_stm32f1.a(iwdg_common_all.o)
 .debug_abbrev  0x0000000000000e52      0x299 libopencm3/lib\libopencm3_stm32f1.a(rcc.o)
 .debug_abbrev  0x00000000000010eb      0x154 libopencm3/lib\libopencm3_stm32f1.a(rcc_common_all.o)
 .debug_abbrev  0x000000000000123f      0x20e libopencm3/lib\libopencm3_stm32f1.a(rtc.o)
 .debug_abbrev  0x000000000000144d      0x1ae libopencm3/lib\libopencm3_stm32f1.a(timer_common_all.o)
 .debug_abbrev  0x00000000000015fb      0x164 libopencm3/lib\libopencm3_stm32f1.a(usart_common_all.o)
 .debug_abbrev  0x000000000000175f       0xb6 libopencm3/lib\libopencm3_stm32f1.a(usart_common_f124.o)
 .debug_abbrev  0x0000000000001815      0x149 libopencm3/lib\libopencm3_stm32f1.a(vector.o)
 .debug_abbrev  0x000000000000195e       0x88 libopencm3/lib\libopencm3_stm32f1.a(scb.o)
 .debug_abbrev  0x00000000000019e6       0xb6 libopencm3/lib\libopencm3_stm32f1.a(nvic.o)
 .debug_abbrev  0x0000000000001a9c       0x8e libopencm3/lib\libopencm3_stm32f1.a(desig_common_v1.o)
 .debug_abbrev  0x0000000000001b2a       0x9f libopencm3/lib\libopencm3_stm32f1.a(pwr_common_v1.o)

.debug_loclists
                0x0000000000000000     0x1bcd
 .debug_loclists
                0x0000000000000000      0x146 libopencm3/lib\libopencm3_stm32f1.a(adc.o)
 .debug_loclists
                0x0000000000000146      0x29b libopencm3/lib\libopencm3_stm32f1.a(adc_common_v1.o)
 .debug_loclists
                0x00000000000003e1      0x6e0 libopencm3/lib\libopencm3_stm32f1.a(can.o)
 .debug_loclists
                0x0000000000000ac1       0x64 libopencm3/lib\libopencm3_stm32f1.a(crc_common_all.o)
 .debug_loclists
                0x0000000000000b25      0x4fa libopencm3/lib\libopencm3_stm32f1.a(dma_common_l1f013.o)
 .debug_loclists
                0x000000000000101f       0x65 libopencm3/lib\libopencm3_stm32f1.a(flash.o)
 .debug_loclists
                0x0000000000001084       0x17 libopencm3/lib\libopencm3_stm32f1.a(flash_common_all.o)
 .debug_loclists
                0x000000000000109b       0x86 libopencm3/lib\libopencm3_stm32f1.a(flash_common_f01.o)
 .debug_loclists
                0x0000000000001121       0xfd libopencm3/lib\libopencm3_stm32f1.a(gpio.o)
 .debug_loclists
                0x000000000000121e       0x7e libopencm3/lib\libopencm3_stm32f1.a(gpio_common_all.o)
 .debug_loclists
                0x000000000000129c       0x88 libopencm3/lib\libopencm3_stm32f1.a(iwdg_common_all.o)
 .debug_loclists
                0x0000000000001324      0x1cd libopencm3/lib\libopencm3_stm32f1.a(rcc.o)
 .debug_loclists
                0x00000000000014f1       0x51 libopencm3/lib\libopencm3_stm32f1.a(rcc_common_all.o)
 .debug_loclists
                0x0000000000001542      0x182 libopencm3/lib\libopencm3_stm32f1.a(rtc.o)
 .debug_loclists
                0x00000000000016c4      0x1db libopencm3/lib\libopencm3_stm32f1.a(timer_common_all.o)
 .debug_loclists
                0x000000000000189f       0xe8 libopencm3/lib\libopencm3_stm32f1.a(usart_common_all.o)
 .debug_loclists
                0x0000000000001987       0x67 libopencm3/lib\libopencm3_stm32f1.a(usart_common_f124.o)
 .debug_loclists
                0x00000000000019ee       0xb6 libopencm3/lib\libopencm3_stm32f1.a(vector.o)
 .debug_loclists
                0x0000000000001aa4       0x23 libopencm3/lib\libopencm3_stm32f1.a(scb.o)
 .debug_loclists
                0x0000000000001ac7       0xdb libopencm3/lib\libopencm3_stm32f1.a(nvic.o)
 .debug_loclists
                0x0000000000001ba2       0x2b libopencm3/lib\libopencm3_stm32f1.a(desig_common_v1.o)

.debug_aranges  0x0000000000000000      0xcd0
 .debug_aranges
                0x0000000000000000       0x98 libopencm3/lib\libopencm3_stm32f1.a(adc.o)
 .debug_aranges
                0x0000000000000098      0x158 libopencm3/lib\libopencm3_stm32f1.a(adc_common_v1.o)
 .debug_aranges
                0x00000000000001f0       0x88 libopencm3/lib\libopencm3_stm32f1.a(can.o)
 .debug_aranges
                0x0000000000000278       0x30 libopencm3/lib\libopencm3_stm32f1.a(crc_common_all.o)
 .debug_aranges
                0x00000000000002a8       0xe8 libopencm3/lib\libopencm3_stm32f1.a(dma_common_l1f013.o)
 .debug_aranges
                0x0000000000000390       0x78 libopencm3/lib\libopencm3_stm32f1.a(flash.o)
 .debug_aranges
                0x0000000000000408       0x38 libopencm3/lib\libopencm3_stm32f1.a(flash_common_all.o)
 .debug_aranges
                0x0000000000000440       0x30 libopencm3/lib\libopencm3_stm32f1.a(flash_common_f.o)
 .debug_aranges
                0x0000000000000470       0x48 libopencm3/lib\libopencm3_stm32f1.a(flash_common_f01.o)
 .debug_aranges
                0x00000000000004b8       0x38 libopencm3/lib\libopencm3_stm32f1.a(gpio.o)
 .debug_aranges
                0x00000000000004f0       0x50 libopencm3/lib\libopencm3_stm32f1.a(gpio_common_all.o)
 .debug_aranges
                0x0000000000000540       0x40 libopencm3/lib\libopencm3_stm32f1.a(iwdg_common_all.o)
 .debug_aranges
                0x0000000000000580      0x150 libopencm3/lib\libopencm3_stm32f1.a(rcc.o)
 .debug_aranges
                0x00000000000006d0       0x78 libopencm3/lib\libopencm3_stm32f1.a(rcc_common_all.o)
 .debug_aranges
                0x0000000000000748       0xa0 libopencm3/lib\libopencm3_stm32f1.a(rtc.o)
 .debug_aranges
                0x00000000000007e8      0x278 libopencm3/lib\libopencm3_stm32f1.a(timer_common_all.o)
 .debug_aranges
                0x0000000000000a60       0xb8 libopencm3/lib\libopencm3_stm32f1.a(usart_common_all.o)
 .debug_aranges
                0x0000000000000b18       0x40 libopencm3/lib\libopencm3_stm32f1.a(usart_common_f124.o)
 .debug_aranges
                0x0000000000000b58       0x30 libopencm3/lib\libopencm3_stm32f1.a(vector.o)
 .debug_aranges
                0x0000000000000b88       0x30 libopencm3/lib\libopencm3_stm32f1.a(scb.o)
 .debug_aranges
                0x0000000000000bb8       0x60 libopencm3/lib\libopencm3_stm32f1.a(nvic.o)
 .debug_aranges
                0x0000000000000c18       0x28 libopencm3/lib\libopencm3_stm32f1.a(desig_common_v1.o)
 .debug_aranges
                0x0000000000000c40       0x90 libopencm3/lib\libopencm3_stm32f1.a(pwr_common_v1.o)

.debug_rnglists
                0x0000000000000000      0x974
 .debug_rnglists
                0x0000000000000000       0x6d libopencm3/lib\libopencm3_stm32f1.a(adc.o)
 .debug_rnglists
                0x000000000000006d       0xfd libopencm3/lib\libopencm3_stm32f1.a(adc_common_v1.o)
 .debug_rnglists
                0x000000000000016a       0x65 libopencm3/lib\libopencm3_stm32f1.a(can.o)
 .debug_rnglists
                0x00000000000001cf       0x1f libopencm3/lib\libopencm3_stm32f1.a(crc_common_all.o)
 .debug_rnglists
                0x00000000000001ee       0xa9 libopencm3/lib\libopencm3_stm32f1.a(dma_common_l1f013.o)
 .debug_rnglists
                0x0000000000000297       0x56 libopencm3/lib\libopencm3_stm32f1.a(flash.o)
 .debug_rnglists
                0x00000000000002ed       0x25 libopencm3/lib\libopencm3_stm32f1.a(flash_common_all.o)
 .debug_rnglists
                0x0000000000000312       0x1f libopencm3/lib\libopencm3_stm32f1.a(flash_common_f.o)
 .debug_rnglists
                0x0000000000000331       0x31 libopencm3/lib\libopencm3_stm32f1.a(flash_common_f01.o)
 .debug_rnglists
                0x0000000000000362       0x25 libopencm3/lib\libopencm3_stm32f1.a(gpio.o)
 .debug_rnglists
                0x0000000000000387       0x37 libopencm3/lib\libopencm3_stm32f1.a(gpio_common_all.o)
 .debug_rnglists
                0x00000000000003be       0x37 libopencm3/lib\libopencm3_stm32f1.a(iwdg_common_all.o)
 .debug_rnglists
                0x00000000000003f5      0x12f libopencm3/lib\libopencm3_stm32f1.a(rcc.o)
 .debug_rnglists
                0x0000000000000524       0x55 libopencm3/lib\libopencm3_stm32f1.a(rcc_common_all.o)
 .debug_rnglists
                0x0000000000000579       0x73 libopencm3/lib\libopencm3_stm32f1.a(rtc.o)
 .debug_rnglists
                0x00000000000005ec      0x1d6 libopencm3/lib\libopencm3_stm32f1.a(timer_common_all.o)
 .debug_rnglists
                0x00000000000007c2       0x85 libopencm3/lib\libopencm3_stm32f1.a(usart_common_all.o)
 .debug_rnglists
                0x0000000000000847       0x2b libopencm3/lib\libopencm3_stm32f1.a(usart_common_f124.o)
 .debug_rnglists
                0x0000000000000872       0x20 libopencm3/lib\libopencm3_stm32f1.a(vector.o)
 .debug_rnglists
                0x0000000000000892       0x1f libopencm3/lib\libopencm3_stm32f1.a(scb.o)
 .debug_rnglists
                0x00000000000008b1       0x43 libopencm3/lib\libopencm3_stm32f1.a(nvic.o)
 .debug_rnglists
                0x00000000000008f4       0x19 libopencm3/lib\libopencm3_stm32f1.a(desig_common_v1.o)
 .debug_rnglists
                0x000000000000090d       0x67 libopencm3/lib\libopencm3_stm32f1.a(pwr_common_v1.o)

.debug_macro    0x0000000000000000     0x764a
 .debug_macro   0x0000000000000000       0xb8 libopencm3/lib\libopencm3_stm32f1.a(adc.o)
 .debug_macro   0x00000000000000b8      0xa9c libopencm3/lib\libopencm3_stm32f1.a(adc.o)
 .debug_macro   0x0000000000000b54       0x1c libopencm3/lib\libopencm3_stm32f1.a(adc.o)
 .debug_macro   0x0000000000000b70       0x22 libopencm3/lib\libopencm3_stm32f1.a(adc.o)
 .debug_macro   0x0000000000000b92       0x56 libopencm3/lib\libopencm3_stm32f1.a(adc.o)
 .debug_macro   0x0000000000000be8       0x51 libopencm3/lib\libopencm3_stm32f1.a(adc.o)
 .debug_macro   0x0000000000000c39      0x103 libopencm3/lib\libopencm3_stm32f1.a(adc.o)
 .debug_macro   0x0000000000000d3c       0x6a libopencm3/lib\libopencm3_stm32f1.a(adc.o)
 .debug_macro   0x0000000000000da6      0x1df libopencm3/lib\libopencm3_stm32f1.a(adc.o)
 .debug_macro   0x0000000000000f85       0x22 libopencm3/lib\libopencm3_stm32f1.a(adc.o)
 .debug_macro   0x0000000000000fa7       0xe8 libopencm3/lib\libopencm3_stm32f1.a(adc.o)
 .debug_macro   0x000000000000108f       0x76 libopencm3/lib\libopencm3_stm32f1.a(adc.o)
 .debug_macro   0x0000000000001105      0x1b4 libopencm3/lib\libopencm3_stm32f1.a(adc.o)
 .debug_macro   0x00000000000012b9      0x449 libopencm3/lib\libopencm3_stm32f1.a(adc.o)
 .debug_macro   0x0000000000001702      0x456 libopencm3/lib\libopencm3_stm32f1.a(adc.o)
 .debug_macro   0x0000000000001b58       0xb8 libopencm3/lib\libopencm3_stm32f1.a(adc_common_v1.o)
 .debug_macro   0x0000000000001c10       0xc9 libopencm3/lib\libopencm3_stm32f1.a(can.o)
 .debug_macro   0x0000000000001cd9      0x513 libopencm3/lib\libopencm3_stm32f1.a(can.o)
 .debug_macro   0x00000000000021ec      0x82c libopencm3/lib\libopencm3_stm32f1.a(can.o)
 .debug_macro   0x0000000000002a18       0xb3 libopencm3/lib\libopencm3_stm32f1.a(crc_common_all.o)
 .debug_macro   0x0000000000002acb       0x22 libopencm3/lib\libopencm3_stm32f1.a(crc_common_all.o)
 .debug_macro   0x0000000000002aed       0xb3 libopencm3/lib\libopencm3_stm32f1.a(dma_common_l1f013.o)
 .debug_macro   0x0000000000002ba0      0x4f5 libopencm3/lib\libopencm3_stm32f1.a(dma_common_l1f013.o)
 .debug_macro   0x0000000000003095       0xca libopencm3/lib\libopencm3_stm32f1.a(flash.o)
 .debug_macro   0x000000000000315f       0xee libopencm3/lib\libopencm3_stm32f1.a(flash.o)
 .debug_macro   0x000000000000324d       0x82 libopencm3/lib\libopencm3_stm32f1.a(flash.o)
 .debug_macro   0x00000000000032cf       0xc0 libopencm3/lib\libopencm3_stm32f1.a(flash_common_all.o)
 .debug_macro   0x000000000000338f       0xc0 libopencm3/lib\libopencm3_stm32f1.a(flash_common_f.o)
 .debug_macro   0x000000000000344f       0xc0 libopencm3/lib\libopencm3_stm32f1.a(flash_common_f01.o)
 .debug_macro   0x000000000000350f       0xb8 libopencm3/lib\libopencm3_stm32f1.a(gpio.o)
 .debug_macro   0x00000000000035c7       0x76 libopencm3/lib\libopencm3_stm32f1.a(gpio.o)
 .debug_macro   0x000000000000363d      0xe04 libopencm3/lib\libopencm3_stm32f1.a(gpio.o)
 .debug_macro   0x0000000000004441       0xb8 libopencm3/lib\libopencm3_stm32f1.a(gpio_common_all.o)
 .debug_macro   0x00000000000044f9       0xc5 libopencm3/lib\libopencm3_stm32f1.a(iwdg_common_all.o)
 .debug_macro   0x00000000000045be       0x70 libopencm3/lib\libopencm3_stm32f1.a(iwdg_common_all.o)
 .debug_macro   0x000000000000462e       0xe7 libopencm3/lib\libopencm3_stm32f1.a(rcc.o)
 .debug_macro   0x0000000000004715       0x16 libopencm3/lib\libopencm3_stm32f1.a(rcc.o)
 .debug_macro   0x000000000000472b       0xce libopencm3/lib\libopencm3_stm32f1.a(rcc_common_all.o)
 .debug_macro   0x00000000000047f9       0xe6 libopencm3/lib\libopencm3_stm32f1.a(rtc.o)
 .debug_macro   0x00000000000048df       0x8e libopencm3/lib\libopencm3_stm32f1.a(rtc.o)
 .debug_macro   0x000000000000496d       0x76 libopencm3/lib\libopencm3_stm32f1.a(rtc.o)
 .debug_macro   0x00000000000049e3       0xcb libopencm3/lib\libopencm3_stm32f1.a(timer_common_all.o)
 .debug_macro   0x0000000000004aae      0xf9a libopencm3/lib\libopencm3_stm32f1.a(timer_common_all.o)
 .debug_macro   0x0000000000005a48       0xda libopencm3/lib\libopencm3_stm32f1.a(usart_common_all.o)
 .debug_macro   0x0000000000005b22       0x94 libopencm3/lib\libopencm3_stm32f1.a(usart_common_all.o)
 .debug_macro   0x0000000000005bb6      0x29e libopencm3/lib\libopencm3_stm32f1.a(usart_common_all.o)
 .debug_macro   0x0000000000005e54       0xda libopencm3/lib\libopencm3_stm32f1.a(usart_common_f124.o)
 .debug_macro   0x0000000000005f2e       0xcf libopencm3/lib\libopencm3_stm32f1.a(vector.o)
 .debug_macro   0x0000000000005ffd      0x395 libopencm3/lib\libopencm3_stm32f1.a(vector.o)
 .debug_macro   0x0000000000006392       0x6e libopencm3/lib\libopencm3_stm32f1.a(vector.o)
 .debug_macro   0x0000000000006400      0x1a2 libopencm3/lib\libopencm3_stm32f1.a(vector.o)
 .debug_macro   0x00000000000065a2      0x145 libopencm3/lib\libopencm3_stm32f1.a(scb.o)
 .debug_macro   0x00000000000066e7       0x18 libopencm3/lib\libopencm3_stm32f1.a(scb.o)
 .debug_macro   0x00000000000066ff       0x64 libopencm3/lib\libopencm3_stm32f1.a(scb.o)
 .debug_macro   0x0000000000006763       0x5c libopencm3/lib\libopencm3_stm32f1.a(scb.o)
 .debug_macro   0x00000000000067bf       0x3c libopencm3/lib\libopencm3_stm32f1.a(scb.o)
 .debug_macro   0x00000000000067fb       0x34 libopencm3/lib\libopencm3_stm32f1.a(scb.o)
 .debug_macro   0x000000000000682f       0x16 libopencm3/lib\libopencm3_stm32f1.a(scb.o)
 .debug_macro   0x0000000000006845      0x11c libopencm3/lib\libopencm3_stm32f1.a(scb.o)
 .debug_macro   0x0000000000006961       0x8d libopencm3/lib\libopencm3_stm32f1.a(scb.o)
 .debug_macro   0x00000000000069ee       0x16 libopencm3/lib\libopencm3_stm32f1.a(scb.o)
 .debug_macro   0x0000000000006a04       0x43 libopencm3/lib\libopencm3_stm32f1.a(scb.o)
 .debug_macro   0x0000000000006a47       0x57 libopencm3/lib\libopencm3_stm32f1.a(scb.o)
 .debug_macro   0x0000000000006a9e       0x34 libopencm3/lib\libopencm3_stm32f1.a(scb.o)
 .debug_macro   0x0000000000006ad2       0x10 libopencm3/lib\libopencm3_stm32f1.a(scb.o)
 .debug_macro   0x0000000000006ae2       0x58 libopencm3/lib\libopencm3_stm32f1.a(scb.o)
 .debug_macro   0x0000000000006b3a      0x182 libopencm3/lib\libopencm3_stm32f1.a(scb.o)
 .debug_macro   0x0000000000006cbc      0x35d libopencm3/lib\libopencm3_stm32f1.a(scb.o)
 .debug_macro   0x0000000000007019       0x22 libopencm3/lib\libopencm3_stm32f1.a(scb.o)
 .debug_macro   0x000000000000703b       0xb3 libopencm3/lib\libopencm3_stm32f1.a(nvic.o)
 .debug_macro   0x00000000000070ee       0x68 libopencm3/lib\libopencm3_stm32f1.a(nvic.o)
 .debug_macro   0x0000000000007156      0x39b libopencm3/lib\libopencm3_stm32f1.a(nvic.o)
 .debug_macro   0x00000000000074f1       0xa6 libopencm3/lib\libopencm3_stm32f1.a(desig_common_v1.o)
 .debug_macro   0x0000000000007597       0xb3 libopencm3/lib\libopencm3_stm32f1.a(pwr_common_v1.o)

.debug_line     0x0000000000000000     0x7912
 .debug_line    0x0000000000000000      0x569 libopencm3/lib\libopencm3_stm32f1.a(adc.o)
 .debug_line    0x0000000000000569      0x85e libopencm3/lib\libopencm3_stm32f1.a(adc_common_v1.o)
 .debug_line    0x0000000000000dc7      0x862 libopencm3/lib\libopencm3_stm32f1.a(can.o)
 .debug_line    0x0000000000001629      0x2fb libopencm3/lib\libopencm3_stm32f1.a(crc_common_all.o)
 .debug_line    0x0000000000001924      0x5f5 libopencm3/lib\libopencm3_stm32f1.a(dma_common_l1f013.o)
 .debug_line    0x0000000000001f19      0x572 libopencm3/lib\libopencm3_stm32f1.a(flash.o)
 .debug_line    0x000000000000248b      0x322 libopencm3/lib\libopencm3_stm32f1.a(flash_common_all.o)
 .debug_line    0x00000000000027ad      0x2ec libopencm3/lib\libopencm3_stm32f1.a(flash_common_f.o)
 .debug_line    0x0000000000002a99      0x3ae libopencm3/lib\libopencm3_stm32f1.a(flash_common_f01.o)